Archive member included to satisfy reference by file (symbol)

d:/ac6/systemworkbench/plugins/fr.ac6.mcu.externaltools.arm-none.win32_1.17.0.201812190825/tools/compiler/bin/../lib/gcc/arm-none-eabi/7.3.1/../../../../arm-none-eabi/lib/thumb/v7e-m/fpv4-sp/hard\libc_nano.a(lib_a-errno.o)
                              Src/syscalls.o (__errno)
d:/ac6/systemworkbench/plugins/fr.ac6.mcu.externaltools.arm-none.win32_1.17.0.201812190825/tools/compiler/bin/../lib/gcc/arm-none-eabi/7.3.1/../../../../arm-none-eabi/lib/thumb/v7e-m/fpv4-sp/hard\libc_nano.a(lib_a-exit.o)
                              d:/ac6/systemworkbench/plugins/fr.ac6.mcu.externaltools.arm-none.win32_1.17.0.201812190825/tools/compiler/bin/../lib/gcc/arm-none-eabi/7.3.1/../../../../arm-none-eabi/lib/thumb/v7e-m/fpv4-sp/hard/crt0.o (exit)
d:/ac6/systemworkbench/plugins/fr.ac6.mcu.externaltools.arm-none.win32_1.17.0.201812190825/tools/compiler/bin/../lib/gcc/arm-none-eabi/7.3.1/../../../../arm-none-eabi/lib/thumb/v7e-m/fpv4-sp/hard\libc_nano.a(lib_a-impure.o)
                              d:/ac6/systemworkbench/plugins/fr.ac6.mcu.externaltools.arm-none.win32_1.17.0.201812190825/tools/compiler/bin/../lib/gcc/arm-none-eabi/7.3.1/../../../../arm-none-eabi/lib/thumb/v7e-m/fpv4-sp/hard\libc_nano.a(lib_a-exit.o) (_global_impure_ptr)
d:/ac6/systemworkbench/plugins/fr.ac6.mcu.externaltools.arm-none.win32_1.17.0.201812190825/tools/compiler/bin/../lib/gcc/arm-none-eabi/7.3.1/../../../../arm-none-eabi/lib/thumb/v7e-m/fpv4-sp/hard\libc_nano.a(lib_a-init.o)
                              d:/ac6/systemworkbench/plugins/fr.ac6.mcu.externaltools.arm-none.win32_1.17.0.201812190825/tools/compiler/bin/../lib/gcc/arm-none-eabi/7.3.1/../../../../arm-none-eabi/lib/thumb/v7e-m/fpv4-sp/hard/crt0.o (__libc_init_array)
d:/ac6/systemworkbench/plugins/fr.ac6.mcu.externaltools.arm-none.win32_1.17.0.201812190825/tools/compiler/bin/../lib/gcc/arm-none-eabi/7.3.1/../../../../arm-none-eabi/lib/thumb/v7e-m/fpv4-sp/hard\libc_nano.a(lib_a-malloc.o)
                              Src/stm32_printf.o (malloc)
d:/ac6/systemworkbench/plugins/fr.ac6.mcu.externaltools.arm-none.win32_1.17.0.201812190825/tools/compiler/bin/../lib/gcc/arm-none-eabi/7.3.1/../../../../arm-none-eabi/lib/thumb/v7e-m/fpv4-sp/hard\libc_nano.a(lib_a-memset.o)
                              d:/ac6/systemworkbench/plugins/fr.ac6.mcu.externaltools.arm-none.win32_1.17.0.201812190825/tools/compiler/bin/../lib/gcc/arm-none-eabi/7.3.1/../../../../arm-none-eabi/lib/thumb/v7e-m/fpv4-sp/hard/crt0.o (memset)
d:/ac6/systemworkbench/plugins/fr.ac6.mcu.externaltools.arm-none.win32_1.17.0.201812190825/tools/compiler/bin/../lib/gcc/arm-none-eabi/7.3.1/../../../../arm-none-eabi/lib/thumb/v7e-m/fpv4-sp/hard\libc_nano.a(lib_a-nano-freer.o)
                              d:/ac6/systemworkbench/plugins/fr.ac6.mcu.externaltools.arm-none.win32_1.17.0.201812190825/tools/compiler/bin/../lib/gcc/arm-none-eabi/7.3.1/../../../../arm-none-eabi/lib/thumb/v7e-m/fpv4-sp/hard\libc_nano.a(lib_a-malloc.o) (_free_r)
d:/ac6/systemworkbench/plugins/fr.ac6.mcu.externaltools.arm-none.win32_1.17.0.201812190825/tools/compiler/bin/../lib/gcc/arm-none-eabi/7.3.1/../../../../arm-none-eabi/lib/thumb/v7e-m/fpv4-sp/hard\libc_nano.a(lib_a-nano-mallocr.o)
                              d:/ac6/systemworkbench/plugins/fr.ac6.mcu.externaltools.arm-none.win32_1.17.0.201812190825/tools/compiler/bin/../lib/gcc/arm-none-eabi/7.3.1/../../../../arm-none-eabi/lib/thumb/v7e-m/fpv4-sp/hard\libc_nano.a(lib_a-malloc.o) (_malloc_r)
d:/ac6/systemworkbench/plugins/fr.ac6.mcu.externaltools.arm-none.win32_1.17.0.201812190825/tools/compiler/bin/../lib/gcc/arm-none-eabi/7.3.1/../../../../arm-none-eabi/lib/thumb/v7e-m/fpv4-sp/hard\libc_nano.a(lib_a-sbrkr.o)
                              d:/ac6/systemworkbench/plugins/fr.ac6.mcu.externaltools.arm-none.win32_1.17.0.201812190825/tools/compiler/bin/../lib/gcc/arm-none-eabi/7.3.1/../../../../arm-none-eabi/lib/thumb/v7e-m/fpv4-sp/hard\libc_nano.a(lib_a-nano-mallocr.o) (_sbrk_r)
d:/ac6/systemworkbench/plugins/fr.ac6.mcu.externaltools.arm-none.win32_1.17.0.201812190825/tools/compiler/bin/../lib/gcc/arm-none-eabi/7.3.1/../../../../arm-none-eabi/lib/thumb/v7e-m/fpv4-sp/hard\libc_nano.a(lib_a-vsnprintf.o)
                              Src/stm32_printf.o (vsnprintf)
d:/ac6/systemworkbench/plugins/fr.ac6.mcu.externaltools.arm-none.win32_1.17.0.201812190825/tools/compiler/bin/../lib/gcc/arm-none-eabi/7.3.1/../../../../arm-none-eabi/lib/thumb/v7e-m/fpv4-sp/hard\libc_nano.a(lib_a-vsprintf.o)
                              Src/stm32_printf.o (vsprintf)
d:/ac6/systemworkbench/plugins/fr.ac6.mcu.externaltools.arm-none.win32_1.17.0.201812190825/tools/compiler/bin/../lib/gcc/arm-none-eabi/7.3.1/../../../../arm-none-eabi/lib/thumb/v7e-m/fpv4-sp/hard\libc_nano.a(lib_a-mlock.o)
[...]
Memory Configuration

Name             Origin             Length             Attributes
RAM              0x20000000         0x00003000         xrw
CCMRAM           0x10000000         0x00001000         rw
FLASH            0x08000000         0x00010000         xr
*default*        0x00000000         0xffffffff

Linker script and memory map

LOAD d:/ac6/systemworkbench/plugins/fr.ac6.mcu.externaltools.arm-none.win32_1.17.0.201812190825/tools/compiler/bin/../lib/gcc/arm-none-eabi/7.3.1/thumb/v7e-m/fpv4-sp/hard/crti.o
LOAD d:/ac6/systemworkbench/plugins/fr.ac6.mcu.externaltools.arm-none.win32_1.17.0.201812190825/tools/compiler/bin/../lib/gcc/arm-none-eabi/7.3.1/thumb/v7e-m/fpv4-sp/hard/crtbegin.o
LOAD d:/ac6/systemworkbench/plugins/fr.ac6.mcu.externaltools.arm-none.win32_1.17.0.201812190825/tools/compiler/bin/../lib/gcc/arm-none-eabi/7.3.1/../../../../arm-none-eabi/lib/thumb/v7e-m/fpv4-sp/hard/crt0.o
LOAD Drivers/STM32F3xx_HAL_Driver/Src/stm32f3xx_hal.o
LOAD Drivers/STM32F3xx_HAL_Driver/Src/stm32f3xx_hal_can.o
LOAD Drivers/STM32F3xx_HAL_Driver/Src/stm32f3xx_hal_cortex.o
LOAD Drivers/STM32F3xx_HAL_Driver/Src/stm32f3xx_hal_dma.o
LOAD Drivers/STM32F3xx_HAL_Driver/Src/stm32f3xx_hal_flash.o
LOAD Drivers/STM32F3xx_HAL_Driver/Src/stm32f3xx_hal_flash_ex.o
LOAD Drivers/STM32F3xx_HAL_Driver/Src/stm32f3xx_hal_gpio.o
LOAD Drivers/STM32F3xx_HAL_Driver/Src/stm32f3xx_hal_i2c.o
LOAD Drivers/STM32F3xx_HAL_Driver/Src/stm32f3xx_hal_i2c_ex.o
LOAD Drivers/STM32F3xx_HAL_Driver/Src/stm32f3xx_hal_pwr.o
LOAD Drivers/STM32F3xx_HAL_Driver/Src/stm32f3xx_hal_pwr_ex.o
LOAD Drivers/STM32F3xx_HAL_Driver/Src/stm32f3xx_hal_rcc.o
LOAD Drivers/STM32F3xx_HAL_Driver/Src/stm32f3xx_hal_rcc_ex.o
LOAD Drivers/STM32F3xx_HAL_Driver/Src/stm32f3xx_hal_tim.o
LOAD Drivers/STM32F3xx_HAL_Driver/Src/stm32f3xx_hal_tim_ex.o
LOAD Drivers/STM32F3xx_HAL_Driver/Src/stm32f3xx_hal_uart.o
LOAD Drivers/STM32F3xx_HAL_Driver/Src/stm32f3xx_hal_uart_ex.o
LOAD Src/can.o
LOAD Src/canmd_controller.o
LOAD Src/gpio.o
LOAD Src/main.o
LOAD Src/ps3.o
LOAD Src/stm32_printf.o
LOAD Src/stm32f3xx_hal_msp.o
LOAD Src/stm32f3xx_it.o
LOAD Src/stm32f4_easy_can.o
LOAD Src/syscalls.o
LOAD Src/system_stm32f3xx.o
LOAD Src/tim.o
LOAD Src/usart.o
LOAD startup/startup_stm32f303x8.o
LOAD d:/ac6/systemworkbench/plugins/fr.ac6.mcu.externaltools.arm-none.win32_1.17.0.201812190825/tools/compiler/bin/../lib/gcc/arm-none-eabi/7.3.1/../../../../arm-none-eabi/lib/thumb/v7e-m/fpv4-sp/hard\libm.a
START GROUP
LOAD d:/ac6/systemworkbench/plugins/fr.ac6.mcu.externaltools.arm-none.win32_1.17.0.201812190825/tools/compiler/bin/../lib/gcc/arm-none-eabi/7.3.1/thumb/v7e-m/fpv4-sp/hard\libgcc.a
LOAD d:/ac6/systemworkbench/plugins/fr.ac6.mcu.externaltools.arm-none.win32_1.17.0.201812190825/tools/compiler/bin/../lib/gcc/arm-none-eabi/7.3.1/../../../../arm-none-eabi/lib/thumb/v7e-m/fpv4-sp/hard\libc_nano.a
END GROUP
START GROUP
LOAD d:/ac6/systemworkbench/plugins/fr.ac6.mcu.externaltools.arm-none.win32_1.17.0.201812190825/tools/compiler/bin/../lib/gcc/arm-none-eabi/7.3.1/thumb/v7e-m/fpv4-sp/hard\libgcc.a
LOAD d:/ac6/systemworkbench/plugins/fr.ac6.mcu.externaltools.arm-none.win32_1.17.0.201812190825/tools/compiler/bin/../lib/gcc/arm-none-eabi/7.3.1/../../../../arm-none-eabi/lib/thumb/v7e-m/fpv4-sp/hard\libc_nano.a
LOAD d:/ac6/systemworkbench/plugins/fr.ac6.mcu.externaltools.arm-none.win32_1.17.0.201812190825/tools/compiler/bin/../lib/gcc/arm-none-eabi/7.3.1/../../../../arm-none-eabi/lib/thumb/v7e-m/fpv4-sp/hard\libnosys.a
END GROUP
START GROUP
LOAD d:/ac6/systemworkbench/plugins/fr.ac6.mcu.externaltools.arm-none.win32_1.17.0.201812190825/tools/compiler/bin/../lib/gcc/arm-none-eabi/7.3.1/thumb/v7e-m/fpv4-sp/hard\libgcc.a
LOAD d:/ac6/systemworkbench/plugins/fr.ac6.mcu.externaltools.arm-none.win32_1.17.0.201812190825/tools/compiler/bin/../lib/gcc/arm-none-eabi/7.3.1/../../../../arm-none-eabi/lib/thumb/v7e-m/fpv4-sp/hard\libc_nano.a
LOAD d:/ac6/systemworkbench/plugins/fr.ac6.mcu.externaltools.arm-none.win32_1.17.0.201812190825/tools/compiler/bin/../lib/gcc/arm-none-eabi/7.3.1/../../../../arm-none-eabi/lib/thumb/v7e-m/fpv4-sp/hard\libnosys.a
END GROUP
LOAD d:/ac6/systemworkbench/plugins/fr.ac6.mcu.externaltools.arm-none.win32_1.17.0.201812190825/tools/compiler/bin/../lib/gcc/arm-none-eabi/7.3.1/thumb/v7e-m/fpv4-sp/hard/crtend.o
LOAD d:/ac6/systemworkbench/plugins/fr.ac6.mcu.externaltools.arm-none.win32_1.17.0.201812190825/tools/compiler/bin/../lib/gcc/arm-none-eabi/7.3.1/thumb/v7e-m/fpv4-sp/hard/crtn.o
                0x20003000                _estack = 0x20003000
                0x00000200                _Min_Heap_Size = 0x200
                0x00000400                _Min_Stack_Size = 0x400

.isr_vector     0x08000000      0x188
                0x08000000                . = ALIGN (0x4)
 *(.isr_vector)
 .isr_vector    0x08000000      0x188 startup/startup_stm32f303x8.o
                0x08000000                g_pfnVectors
                0x08000188                . = ALIGN (0x4)

.text           0x08000190     0x3758
                0x08000190                . = ALIGN (0x4)
 *(.text)
 .text          0x08000190       0x40 d:/ac6/systemworkbench/plugins/fr.ac6.mcu.externaltools.arm-none.win32_1.17.0.201812190825/tools/compiler/bin/../lib/gcc/arm-none-eabi/7.3.1/thumb/v7e-m/fpv4-sp/hard/crtbegin.o
 .text          0x080001d0       0xa0 d:/ac6/systemworkbench/plugins/fr.ac6.mcu.externaltools.arm-none.win32_1.17.0.201812190825/tools/compiler/bin/../lib/gcc/arm-none-eabi/7.3.1/../../../../arm-none-eabi/lib/thumb/v7e-m/fpv4-sp/hard\libc_nano.a(lib_a-memchr.o)
                0x080001d0                memchr
 *(.text*)
 .text.HAL_InitTick
                0x08000270       0x48 Drivers/STM32F3xx_HAL_Driver/Src/stm32f3xx_hal.o
                0x08000270                HAL_InitTick
 .text.HAL_Init
                0x080002b8       0x24 Drivers/STM32F3xx_HAL_Driver/Src/stm32f3xx_hal.o
                0x080002b8                HAL_Init
 .text.HAL_IncTick
                0x080002dc       0x18 Drivers/STM32F3xx_HAL_Driver/Src/stm32f3xx_hal.o
                0x080002dc                HAL_IncTick
 .text.HAL_GetTick
                0x080002f4        0xc Drivers/STM32F3xx_HAL_Driver/Src/stm32f3xx_hal.o
                0x080002f4                HAL_GetTick
 .text.HAL_Delay
                0x08000300       0x28 Drivers/STM32F3xx_HAL_Driver/Src/stm32f3xx_hal.o
                0x08000300                HAL_Delay
 .text.HAL_CAN_Init
                0x08000328      0x14c Drivers/STM32F3xx_HAL_Driver/Src/stm32f3xx_hal_can.o
                0x08000328                HAL_CAN_Init
 .text.HAL_CAN_ConfigFilter
                0x08000474       0xfc Drivers/STM32F3xx_HAL_Driver/Src/stm32f3xx_hal_can.o
                0x08000474                HAL_CAN_ConfigFilter
 .text.HAL_CAN_Start
                0x08000570       0x5c Drivers/STM32F3xx_HAL_Driver/Src/stm32f3xx_hal_can.o
                0x08000570                HAL_CAN_Start
 .text.HAL_CAN_AddTxMessage
                0x080005cc       0xea Drivers/STM32F3xx_HAL_Driver/Src/stm32f3xx_hal_can.o
                0x080005cc                HAL_CAN_AddTxMessage
 .text.HAL_CAN_IsTxMessagePending
                0x080006b6       0x24 Drivers/STM32F3xx_HAL_Driver/Src/stm32f3xx_hal_can.o
                0x080006b6                HAL_CAN_IsTxMessagePending
 .text.HAL_CAN_GetRxMessage
                0x080006da      0x134 Drivers/STM32F3xx_HAL_Driver/Src/stm32f3xx_hal_can.o
                0x080006da                HAL_CAN_GetRxMessage
 .text.HAL_CAN_ActivateNotification
                0x0800080e       0x24 Drivers/STM32F3xx_HAL_Driver/Src/stm32f3xx_hal_can.o
                0x0800080e                HAL_CAN_ActivateNotification
 .text.HAL_CAN_TxMailbox0CompleteCallback
                0x08000832        0x2 Drivers/STM32F3xx_HAL_Driver/Src/stm32f3xx_hal_can.o
                0x08000832                HAL_CAN_TxMailbox0CompleteCallback
 .text.HAL_CAN_TxMailbox1CompleteCallback
                0x08000834        0x2 Drivers/STM32F3xx_HAL_Driver/Src/stm32f3xx_hal_can.o
                0x08000834                HAL_CAN_TxMailbox1CompleteCallback
 .text.HAL_CAN_TxMailbox2CompleteCallback
                0x08000836        0x2 Drivers/STM32F3xx_HAL_Driver/Src/stm32f3xx_hal_can.o
                0x08000836                HAL_CAN_TxMailbox2CompleteCallback
 .text.HAL_CAN_TxMailbox0AbortCallback
                0x08000838        0x2 Drivers/STM32F3xx_HAL_Driver/Src/stm32f3xx_hal_can.o
                0x08000838                HAL_CAN_TxMailbox0AbortCallback
 .text.HAL_CAN_TxMailbox1AbortCallback
                0x0800083a        0x2 Drivers/STM32F3xx_HAL_Driver/Src/stm32f3xx_hal_can.o
                0x0800083a                HAL_CAN_TxMailbox1AbortCallback
 .text.HAL_CAN_TxMailbox2AbortCallback
                0x0800083c        0x2 Drivers/STM32F3xx_HAL_Driver/Src/stm32f3xx_hal_can.o
                0x0800083c                HAL_CAN_TxMailbox2AbortCallback
 .text.HAL_CAN_RxFifo0FullCallback
                0x0800083e        0x2 Drivers/STM32F3xx_HAL_Driver/Src/stm32f3xx_hal_can.o
                0x0800083e                HAL_CAN_RxFifo0FullCallback
 .text.HAL_CAN_RxFifo1MsgPendingCallback
                0x08000840        0x2 Drivers/STM32F3xx_HAL_Driver/Src/stm32f3xx_hal_can.o
                0x08000840                HAL_CAN_RxFifo1MsgPendingCallback
 .text.HAL_CAN_RxFifo1FullCallback
                0x08000842        0x2 Drivers/STM32F3xx_HAL_Driver/Src/stm32f3xx_hal_can.o
                0x08000842                HAL_CAN_RxFifo1FullCallback
 .text.HAL_CAN_SleepCallback
                0x08000844        0x2 Drivers/STM32F3xx_HAL_Driver/Src/stm32f3xx_hal_can.o
                0x08000844                HAL_CAN_SleepCallback
 .text.HAL_CAN_WakeUpFromRxMsgCallback
                0x08000846        0x2 Drivers/STM32F3xx_HAL_Driver/Src/stm32f3xx_hal_can.o
                0x08000846                HAL_CAN_WakeUpFromRxMsgCallback
 .text.HAL_CAN_ErrorCallback
                0x08000848        0x2 Drivers/STM32F3xx_HAL_Driver/Src/stm32f3xx_hal_can.o
                0x08000848                HAL_CAN_ErrorCallback
 .text.HAL_CAN_IRQHandler
                0x0800084a      0x258 Drivers/STM32F3xx_HAL_Driver/Src/stm32f3xx_hal_can.o
                0x0800084a                HAL_CAN_IRQHandler
 *fill*         0x08000aa2        0x2 
 .text.HAL_NVIC_SetPriorityGrouping
                0x08000aa4       0x24 Drivers/STM32F3xx_HAL_Driver/Src/stm32f3xx_hal_cortex.o
                0x08000aa4                HAL_NVIC_SetPriorityGrouping
 .text.HAL_NVIC_SetPriority
                0x08000ac8       0x68 Drivers/STM32F3xx_HAL_Driver/Src/stm32f3xx_hal_cortex.o
                0x08000ac8                HAL_NVIC_SetPriority
 .text.HAL_NVIC_EnableIRQ
                0x08000b30       0x18 Drivers/STM32F3xx_HAL_Driver/Src/stm32f3xx_hal_cortex.o
                0x08000b30                HAL_NVIC_EnableIRQ
 .text.HAL_SYSTICK_Config
                0x08000b48       0x2c Drivers/STM32F3xx_HAL_Driver/Src/stm32f3xx_hal_cortex.o
                0x08000b48                HAL_SYSTICK_Config
 .text.HAL_DMA_Abort_IT
                0x08000b74       0x4a Drivers/STM32F3xx_HAL_Driver/Src/stm32f3xx_hal_dma.o
                0x08000b74                HAL_DMA_Abort_IT
 *fill*         0x08000bbe        0x2 
 .text.HAL_GPIO_Init
                0x08000bc0      0x188 Drivers/STM32F3xx_HAL_Driver/Src/stm32f3xx_hal_gpio.o
                0x08000bc0                HAL_GPIO_Init
 .text.HAL_GPIO_WritePin
                0x08000d48        0xa Drivers/STM32F3xx_HAL_Driver/Src/stm32f3xx_hal_gpio.o
                0x08000d48                HAL_GPIO_WritePin
 .text.HAL_GPIO_TogglePin
                0x08000d52        0x8 Drivers/STM32F3xx_HAL_Driver/Src/stm32f3xx_hal_gpio.o
                0x08000d52                HAL_GPIO_TogglePin
 *fill*         0x08000d5a        0x2 
 .text.HAL_RCC_OscConfig
                0x08000d5c      0x618 Drivers/STM32F3xx_HAL_Driver/Src/stm32f3xx_hal_rcc.o
                0x08000d5c                HAL_RCC_OscConfig
 .text.HAL_RCC_GetSysClockFreq
                0x08001374       0x70 Drivers/STM32F3xx_HAL_Driver/Src/stm32f3xx_hal_rcc.o
                0x08001374                HAL_RCC_GetSysClockFreq
 .text.HAL_RCC_ClockConfig
                0x080013e4      0x1a0 Drivers/STM32F3xx_HAL_Driver/Src/stm32f3xx_hal_rcc.o
                0x080013e4                HAL_RCC_ClockConfig
 .text.HAL_RCC_GetHCLKFreq
                0x08001584        0xc Drivers/STM32F3xx_HAL_Driver/Src/stm32f3xx_hal_rcc.o
                0x08001584                HAL_RCC_GetHCLKFreq
 .text.HAL_RCC_GetPCLK1Freq
                0x08001590       0x2c Drivers/STM32F3xx_HAL_Driver/Src/stm32f3xx_hal_rcc.o
                0x08001590                HAL_RCC_GetPCLK1Freq
 .text.HAL_RCC_GetPCLK2Freq
                0x080015bc       0x2c Drivers/STM32F3xx_HAL_Driver/Src/stm32f3xx_hal_rcc.o
                0x080015bc                HAL_RCC_GetPCLK2Freq
 .text.HAL_RCCEx_PeriphCLKConfig
                0x080015e8      0x198 Drivers/STM32F3xx_HAL_Driver/Src/stm32f3xx_hal_rcc_ex.o
                0x080015e8                HAL_RCCEx_PeriphCLKConfig
 .text.HAL_TIM_Base_Start_IT
                0x08001780       0x18 Drivers/STM32F3xx_HAL_Driver/Src/stm32f3xx_hal_tim.o
                0x08001780                HAL_TIM_Base_Start_IT
 .text.HAL_TIM_OC_DelayElapsedCallback
                0x08001798        0x2 Drivers/STM32F3xx_HAL_Driver/Src/stm32f3xx_hal_tim.o
                0x08001798                HAL_TIM_OC_DelayElapsedCallback
 .text.HAL_TIM_IC_CaptureCallback
                0x0800179a        0x2 Drivers/STM32F3xx_HAL_Driver/Src/stm32f3xx_hal_tim.o
                0x0800179a                HAL_TIM_IC_CaptureCallback
 .text.HAL_TIM_PWM_PulseFinishedCallback
                0x0800179c        0x2 Drivers/STM32F3xx_HAL_Driver/Src/stm32f3xx_hal_tim.o
                0x0800179c                HAL_TIM_PWM_PulseFinishedCallback
 .text.HAL_TIM_TriggerCallback
                0x0800179e        0x2 Drivers/STM32F3xx_HAL_Driver/Src/stm32f3xx_hal_tim.o
                0x0800179e                HAL_TIM_TriggerCallback
 .text.HAL_TIM_IRQHandler
                0x080017a0      0x19a Drivers/STM32F3xx_HAL_Driver/Src/stm32f3xx_hal_tim.o
                0x080017a0                HAL_TIM_IRQHandler
 *fill*         0x0800193a        0x2 
 .text.TIM_Base_SetConfig
                0x0800193c       0x90 Drivers/STM32F3xx_HAL_Driver/Src/stm32f3xx_hal_tim.o
                0x0800193c                TIM_Base_SetConfig
 .text.HAL_TIM_Base_Init
                0x080019cc       0x32 Drivers/STM32F3xx_HAL_Driver/Src/stm32f3xx_hal_tim.o
                0x080019cc                HAL_TIM_Base_Init
 *fill*         0x080019fe        0x2 
 .text.HAL_TIMEx_MasterConfigSynchronization
                0x08001a00       0x50 Drivers/STM32F3xx_HAL_Driver/Src/stm32f3xx_hal_tim_ex.o
                0x08001a00                HAL_TIMEx_MasterConfigSynchronization
 .text.HAL_TIMEx_CommutationCallback
                0x08001a50        0x2 Drivers/STM32F3xx_HAL_Driver/Src/stm32f3xx_hal_tim_ex.o
                0x08001a50                HAL_TIMEx_CommutationCallback
 .text.HAL_TIMEx_BreakCallback
                0x08001a52        0x2 Drivers/STM32F3xx_HAL_Driver/Src/stm32f3xx_hal_tim_ex.o
                0x08001a52                HAL_TIMEx_BreakCallback
 .text.HAL_TIMEx_Break2Callback
                0x08001a54        0x2 Drivers/STM32F3xx_HAL_Driver/Src/stm32f3xx_hal_tim_ex.o
                0x08001a54                HAL_TIMEx_Break2Callback
 .text.UART_EndRxTransfer
                0x08001a56       0x1c Drivers/STM32F3xx_HAL_Driver/Src/stm32f3xx_hal_uart.o
 .text.HAL_UART_Receive_IT
                0x08001a72       0xae Drivers/STM32F3xx_HAL_Driver/Src/stm32f3xx_hal_uart.o
                0x08001a72                HAL_UART_Receive_IT
 .text.HAL_UART_TxCpltCallback
                0x08001b20        0x2 Drivers/STM32F3xx_HAL_Driver/Src/stm32f3xx_hal_uart.o
                0x08001b20                HAL_UART_TxCpltCallback
 .text.HAL_UART_ErrorCallback
                0x08001b22        0x2 Drivers/STM32F3xx_HAL_Driver/Src/stm32f3xx_hal_uart.o
                0x08001b22                HAL_UART_ErrorCallback
 .text.UART_DMAAbortOnError
                0x08001b24       0x14 Drivers/STM32F3xx_HAL_Driver/Src/stm32f3xx_hal_uart.o
 .text.UART_SetConfig
                0x08001b38      0x1b8 Drivers/STM32F3xx_HAL_Driver/Src/stm32f3xx_hal_uart.o
                0x08001b38                UART_SetConfig
 .text.UART_AdvFeatureConfig
                0x08001cf0       0xca Drivers/STM32F3xx_HAL_Driver/Src/stm32f3xx_hal_uart.o
                0x08001cf0                UART_AdvFeatureConfig
 .text.UART_WaitOnFlagUntilTimeout
                0x08001dba       0x62 Drivers/STM32F3xx_HAL_Driver/Src/stm32f3xx_hal_uart.o
                0x08001dba                UART_WaitOnFlagUntilTimeout
 .text.HAL_UART_Transmit
                0x08001e1c       0xce Drivers/STM32F3xx_HAL_Driver/Src/stm32f3xx_hal_uart.o
                0x08001e1c                HAL_UART_Transmit
 .text.UART_CheckIdleState
                0x08001eea       0x70 Drivers/STM32F3xx_HAL_Driver/Src/stm32f3xx_hal_uart.o
                0x08001eea                UART_CheckIdleState
 .text.HAL_UART_Init
                0x08001f5a       0x66 Drivers/STM32F3xx_HAL_Driver/Src/stm32f3xx_hal_uart.o
                0x08001f5a                HAL_UART_Init
 .text.UART_Transmit_IT
                0x08001fc0       0x6c Drivers/STM32F3xx_HAL_Driver/Src/stm32f3xx_hal_uart.o
                0x08001fc0                UART_Transmit_IT
 .text.UART_EndTransmit_IT
                0x0800202c       0x1a Drivers/STM32F3xx_HAL_Driver/Src/stm32f3xx_hal_uart.o
                0x0800202c                UART_EndTransmit_IT
 .text.UART_Receive_IT
                0x08002046       0x80 Drivers/STM32F3xx_HAL_Driver/Src/stm32f3xx_hal_uart.o
                0x08002046                UART_Receive_IT
 *fill*         0x080020c6        0x2 
 .text.HAL_UART_IRQHandler
                0x080020c8      0x15c Drivers/STM32F3xx_HAL_Driver/Src/stm32f3xx_hal_uart.o
                0x080020c8                HAL_UART_IRQHandler
 .text.HAL_UARTEx_WakeupCallback
                0x08002224        0x2 Drivers/STM32F3xx_HAL_Driver/Src/stm32f3xx_hal_uart_ex.o
                0x08002224                HAL_UARTEx_WakeupCallback
 *fill*         0x08002226        0x2 
 .text.MX_CAN_Init
                0x08002228       0x40 Src/can.o
                0x08002228                MX_CAN_Init
 .text.HAL_CAN_MspInit
                0x08002268       0x78 Src/can.o
                0x08002268                HAL_CAN_MspInit
 .text.canmd_controller_init
                0x080022e0       0x28 Src/canmd_controller.o
                0x080022e0                canmd_controller_init
 .text.is_appropriate_md_id
                0x08002308        0xe Src/canmd_controller.o
                0x08002308                is_appropriate_md_id
 *fill*         0x08002316        0x2 
 .text.canmd_controller_set_motor_control_data
                0x08002318       0x3c Src/canmd_controller.o
                0x08002318                canmd_controller_set_motor_control_data
 .text.canmd_controller_clear_encoder_count
                0x08002354       0x30 Src/canmd_controller.o
                0x08002354                canmd_controller_clear_encoder_count
 .text.canmd_controller_clear_all_encoder_count
                0x08002384       0x1e Src/canmd_controller.o
                0x08002384                canmd_controller_clear_all_encoder_count
 *fill*         0x080023a2        0x2 
 .text.canmd_controller_set_can_receive_data
                0x080023a4       0xb4 Src/canmd_controller.o
                0x080023a4                canmd_controller_set_can_receive_data
 .text.canmd_controller_get_can_transmit_data
                0x08002458       0x48 Src/canmd_controller.o
                0x08002458                canmd_controller_get_can_transmit_data
 .text.MX_GPIO_Init
                0x080024a0       0x88 Src/gpio.o
                0x080024a0                MX_GPIO_Init
 .text.SystemClock_Config
                0x08002528       0x62 Src/main.o
                0x08002528                SystemClock_Config
 *fill*         0x0800258a        0x2 
 .text.HAL_TIM_PeriodElapsedCallback
                0x0800258c      0x138 Src/main.o
                0x0800258c                HAL_TIM_PeriodElapsedCallback
 .text.stm32f4_easy_can_interrupt_handler
                0x080026c4       0x1e Src/main.o
                0x080026c4                stm32f4_easy_can_interrupt_handler
 *fill*         0x080026e2        0x2 
 .text.HAL_UART_RxCpltCallback
                0x080026e4       0x2c Src/main.o
                0x080026e4                HAL_UART_RxCpltCallback
 .text.canmd_status_set_data
                0x08002710       0x34 Src/main.o
                0x08002710                canmd_status_set_data
 .text.main     0x08002744      0x100 Src/main.o
                0x08002744                main
 .text.Error_Handler
                0x08002844        0x2 Src/main.o
                0x08002844                Error_Handler
 *fill*         0x08002846        0x2 
 .text.ps3_clear
                0x08002848       0x30 Src/ps3.o
                0x08002848                ps3_clear
 .text.ps3_init
                0x08002878       0x18 Src/ps3.o
                0x08002878                ps3_init
 .text.ps3_uart_interrupt_routine
                0x08002890      0x148 Src/ps3.o
                0x08002890                ps3_uart_interrupt_routine
 .text.ps3_get_data
                0x080029d8       0x1c Src/ps3.o
                0x080029d8                ps3_get_data
 .text.stm32_printf_init
                0x080029f4        0xc Src/stm32_printf.o
                0x080029f4                stm32_printf_init
 .text.stm32f3_puts
                0x08002a00       0x28 Src/stm32_printf.o
                0x08002a00                stm32f3_puts
 .text.stm32_printf
                0x08002a28       0x3e Src/stm32_printf.o
                0x08002a28                stm32_printf
 *fill*         0x08002a66        0x2 
 .text.HAL_MspInit
                0x08002a68       0x30 Src/stm32f3xx_hal_msp.o
                0x08002a68                HAL_MspInit
 .text.NMI_Handler
                0x08002a98        0x2 Src/stm32f3xx_it.o
                0x08002a98                NMI_Handler
 .text.HardFault_Handler
                0x08002a9a        0x2 Src/stm32f3xx_it.o
                0x08002a9a                HardFault_Handler
 .text.MemManage_Handler
                0x08002a9c        0x2 Src/stm32f3xx_it.o
                0x08002a9c                MemManage_Handler
 .text.BusFault_Handler
                0x08002a9e        0x2 Src/stm32f3xx_it.o
                0x08002a9e                BusFault_Handler
 .text.UsageFault_Handler
                0x08002aa0        0x2 Src/stm32f3xx_it.o
                0x08002aa0                UsageFault_Handler
 .text.SVC_Handler
                0x08002aa2        0x2 Src/stm32f3xx_it.o
                0x08002aa2                SVC_Handler
 .text.DebugMon_Handler
                0x08002aa4        0x2 Src/stm32f3xx_it.o
                0x08002aa4                DebugMon_Handler
 .text.PendSV_Handler
                0x08002aa6        0x2 Src/stm32f3xx_it.o
                0x08002aa6                PendSV_Handler
 .text.SysTick_Handler
                0x08002aa8        0x8 Src/stm32f3xx_it.o
                0x08002aa8                SysTick_Handler
 .text.CAN_RX0_IRQHandler
                0x08002ab0       0x10 Src/stm32f3xx_it.o
                0x08002ab0                CAN_RX0_IRQHandler
 .text.TIM1_UP_TIM16_IRQHandler
                0x08002ac0       0x10 Src/stm32f3xx_it.o
                0x08002ac0                TIM1_UP_TIM16_IRQHandler
 .text.USART2_IRQHandler
                0x08002ad0       0x10 Src/stm32f3xx_it.o
                0x08002ad0                USART2_IRQHandler
 .text.TIM6_DAC1_IRQHandler
                0x08002ae0       0x10 Src/stm32f3xx_it.o
                0x08002ae0                TIM6_DAC1_IRQHandler
 .text.TIM7_DAC2_IRQHandler
                0x08002af0       0x10 Src/stm32f3xx_it.o
                0x08002af0                TIM7_DAC2_IRQHandler
 .text.stm32f4_easy_can_init
                0x08002b00       0x5c Src/stm32f4_easy_can.o
                0x08002b00                stm32f4_easy_can_init
 .text.stm32f4_easy_can_get_receive_message
                0x08002b5c       0x28 Src/stm32f4_easy_can.o
                0x08002b5c                stm32f4_easy_can_get_receive_message
 .text.stm32f4_easy_can_transmit_message
                0x08002b84       0x58 Src/stm32f4_easy_can.o
                0x08002b84                stm32f4_easy_can_transmit_message
 .text.HAL_CAN_RxFifo0MsgPendingCallback
                0x08002bdc       0x4c Src/stm32f4_easy_can.o
                0x08002bdc                HAL_CAN_RxFifo0MsgPendingCallback
 .text._sbrk    0x08002c28       0x3c Src/syscalls.o
                0x08002c28                _sbrk
 .text.SystemInit
                0x08002c64       0x68 Src/system_stm32f3xx.o
                0x08002c64                SystemInit
 .text.MX_TIM6_Init
                0x08002ccc       0x50 Src/tim.o
                0x08002ccc                MX_TIM6_Init
 .text.MX_TIM7_Init
                0x08002d1c       0x50 Src/tim.o
                0x08002d1c                MX_TIM7_Init
 .text.MX_TIM16_Init
                0x08002d6c       0x34 Src/tim.o
                0x08002d6c                MX_TIM16_Init
 .text.HAL_TIM_Base_MspInit
                0x08002da0       0xa0 Src/tim.o
                0x08002da0                HAL_TIM_Base_MspInit
 .text.MX_USART1_UART_Init
                0x08002e40       0x38 Src/usart.o
                0x08002e40                MX_USART1_UART_Init
 .text.MX_USART2_UART_Init
                0x08002e78       0x38 Src/usart.o
                0x08002e78                MX_USART2_UART_Init
 .text.HAL_UART_MspInit
                0x08002eb0       0xc8 Src/usart.o
                0x08002eb0                HAL_UART_MspInit
 .text.Reset_Handler
                0x08002f78       0x50 startup/startup_stm32f303x8.o
                0x08002f78                Reset_Handler
 .text.Default_Handler
                0x08002fc8        0x2 startup/startup_stm32f303x8.o
                0x08002fc8                RTC_Alarm_IRQHandler
                0x08002fc8                TIM1_CC_IRQHandler
                0x08002fc8                PVD_IRQHandler
                0x08002fc8                TAMP_STAMP_IRQHandler
                0x08002fc8                EXTI3_IRQHandler
                0x08002fc8                EXTI0_IRQHandler
                0x08002fc8                FPU_IRQHandler
                0x08002fc8                CAN_TX_IRQHandler
                0x08002fc8                ADC1_2_IRQHandler
                0x08002fc8                SPI1_IRQHandler
                0x08002fc8                CAN_SCE_IRQHandler
                0x08002fc8                DMA1_Channel4_IRQHandler
                0x08002fc8                USART3_IRQHandler
                0x08002fc8                DMA1_Channel7_IRQHandler
                0x08002fc8                CAN_RX1_IRQHandler
                0x08002fc8                I2C1_EV_IRQHandler
                0x08002fc8                DMA1_Channel6_IRQHandler
                0x08002fc8                TIM3_IRQHandler
                0x08002fc8                RCC_IRQHandler
                0x08002fc8                DMA1_Channel1_IRQHandler
                0x08002fc8                Default_Handler
                0x08002fc8                EXTI15_10_IRQHandler
                0x08002fc8                COMP2_IRQHandler
                0x08002fc8                EXTI9_5_IRQHandler
                0x08002fc8                RTC_WKUP_IRQHandler
                0x08002fc8                DMA1_Channel5_IRQHandler
                0x08002fc8                EXTI4_IRQHandler
                0x08002fc8                TIM1_TRG_COM_TIM17_IRQHandler
                0x08002fc8                DMA1_Channel3_IRQHandler
                0x08002fc8                WWDG_IRQHandler
                0x08002fc8                TIM2_IRQHandler
                0x08002fc8                EXTI1_IRQHandler
                0x08002fc8                COMP4_6_IRQHandler
                0x08002fc8                DMA1_Channel2_IRQHandler
                0x08002fc8                FLASH_IRQHandler
                0x08002fc8                USART1_IRQHandler
                0x08002fc8                I2C1_ER_IRQHandler
                0x08002fc8                EXTI2_TSC_IRQHandler
                0x08002fc8                TIM1_BRK_TIM15_IRQHandler
 *fill*         0x08002fca        0x2 
 .text.__errno  0x08002fcc        0xc d:/ac6/systemworkbench/plugins/fr.ac6.mcu.externaltools.arm-none.win32_1.17.0.201812190825/tools/compiler/bin/../lib/gcc/arm-none-eabi/7.3.1/../../../../arm-none-eabi/lib/thumb/v7e-m/fpv4-sp/hard\libc_nano.a(lib_a-errno.o)
                0x08002fcc                __errno
 .text.__libc_init_array
                0x08002fd8       0x48 d:/ac6/systemworkbench/plugins/fr.ac6.mcu.externaltools.arm-none.win32_1.17.0.201812190825/tools/compiler/bin/../lib/gcc/arm-none-eabi/7.3.1/../../../../arm-none-eabi/lib/thumb/v7e-m/fpv4-sp/hard\libc_nano.a(lib_a-init.o)
                0x08002fd8                __libc_init_array
 .text.malloc   0x08003020       0x10 d:/ac6/systemworkbench/plugins/fr.ac6.mcu.externaltools.arm-none.win32_1.17.0.201812190825/tools/compiler/bin/../lib/gcc/arm-none-eabi/7.3.1/../../../../arm-none-eabi/lib/thumb/v7e-m/fpv4-sp/hard\libc_nano.a(lib_a-malloc.o)
                0x08003020                malloc
 .text.free     0x08003030       0x10 d:/ac6/systemworkbench/plugins/fr.ac6.mcu.externaltools.arm-none.win32_1.17.0.201812190825/tools/compiler/bin/../lib/gcc/arm-none-eabi/7.3.1/../../../../arm-none-eabi/lib/thumb/v7e-m/fpv4-sp/hard\libc_nano.a(lib_a-malloc.o)
                0x08003030                free
 .text.memset   0x08003040       0x10 d:/ac6/systemworkbench/plugins/fr.ac6.mcu.externaltools.arm-none.win32_1.17.0.201812190825/tools/compiler/bin/../lib/gcc/arm-none-eabi/7.3.1/../../../../arm-none-eabi/lib/thumb/v7e-m/fpv4-sp/hard\libc_nano.a(lib_a-memset.o)
                0x08003040                memset
 .text._free_r  0x08003050       0x9c d:/ac6/systemworkbench/plugins/fr.ac6.mcu.externaltools.arm-none.win32_1.17.0.201812190825/tools/compiler/bin/../lib/gcc/arm-none-eabi/7.3.1/../../../../arm-none-eabi/lib/thumb/v7e-m/fpv4-sp/hard\libc_nano.a(lib_a-nano-freer.o)
                0x08003050                _free_r
 .text._malloc_r
                0x080030ec       0xb4 d:/ac6/systemworkbench/plugins/fr.ac6.mcu.externaltools.arm-none.win32_1.17.0.201812190825/tools/compiler/bin/../lib/gcc/arm-none-eabi/7.3.1/../../../../arm-none-eabi/lib/thumb/v7e-m/fpv4-sp/hard\libc_nano.a(lib_a-nano-mallocr.o)
                0x080030ec                _malloc_r
 .text._sbrk_r  0x080031a0       0x20 d:/ac6/systemworkbench/plugins/fr.ac6.mcu.externaltools.arm-none.win32_1.17.0.201812190825/tools/compiler/bin/../lib/gcc/arm-none-eabi/7.3.1/../../../../arm-none-eabi/lib/thumb/v7e-m/fpv4-sp/hard\libc_nano.a(lib_a-sbrkr.o)
                0x080031a0                _sbrk_r
 .text._vsnprintf_r
                0x080031c0       0x58 d:/ac6/systemworkbench/plugins/fr.ac6.mcu.externaltools.arm-none.win32_1.17.0.201812190825/tools/compiler/bin/../lib/gcc/arm-none-eabi/7.3.1/../../../../arm-none-eabi/lib/thumb/v7e-m/fpv4-sp/hard\libc_nano.a(lib_a-vsnprintf.o)
                0x080031c0                _vsniprintf_r
                0x080031c0                _vsnprintf_r
 .text.vsnprintf
                0x08003218       0x1c d:/ac6/systemworkbench/plugins/fr.ac6.mcu.externaltools.arm-none.win32_1.17.0.201812190825/tools/compiler/bin/../lib/gcc/arm-none-eabi/7.3.1/../../../../arm-none-eabi/lib/thumb/v7e-m/fpv4-sp/hard\libc_nano.a(lib_a-vsnprintf.o)
                0x08003218                vsniprintf
                0x08003218                vsnprintf
 .text._vsprintf_r
                0x08003234       0x2c d:/ac6/systemworkbench/plugins/fr.ac6.mcu.externaltools.arm-none.win32_1.17.0.201812190825/tools/compiler/bin/../lib/gcc/arm-none-eabi/7.3.1/../../../../arm-none-eabi/lib/thumb/v7e-m/fpv4-sp/hard\libc_nano.a(lib_a-vsprintf.o)
                0x08003234                _vsprintf_r
                0x08003234                _vsiprintf_r
 .text.vsprintf
                0x08003260       0x14 d:/ac6/systemworkbench/plugins/fr.ac6.mcu.externaltools.arm-none.win32_1.17.0.201812190825/tools/compiler/bin/../lib/gcc/arm-none-eabi/7.3.1/../../../../arm-none-eabi/lib/thumb/v7e-m/fpv4-sp/hard\libc_nano.a(lib_a-vsprintf.o)
                0x08003260                vsiprintf
                0x08003260                vsprintf
 .text.__malloc_lock
                0x08003274        0x2 d:/ac6/systemworkbench/plugins/fr.ac6.mcu.externaltools.arm-none.win32_1.17.0.201812190825/tools/compiler/bin/../lib/gcc/arm-none-eabi/7.3.1/../../../../arm-none-eabi/lib/thumb/v7e-m/fpv4-sp/hard\libc_nano.a(lib_a-mlock.o)
                0x08003274                __malloc_lock
 .text.__malloc_unlock
                0x08003276        0x2 d:/ac6/systemworkbench/plugins/fr.ac6.mcu.externaltools.arm-none.win32_1.17.0.201812190825/tools/compiler/bin/../lib/gcc/arm-none-eabi/7.3.1/../../../../arm-none-eabi/lib/thumb/v7e-m/fpv4-sp/hard\libc_nano.a(lib_a-mlock.o)
                0x08003276                __malloc_unlock
 .text.__ssputs_r
                0x08003278       0xb4 d:/ac6/systemworkbench/plugins/fr.ac6.mcu.externaltools.arm-none.win32_1.17.0.201812190825/tools/compiler/bin/../lib/gcc/arm-none-eabi/7.3.1/../../../../arm-none-eabi/lib/thumb/v7e-m/fpv4-sp/hard\libc_nano.a(lib_a-nano-svfprintf.o)
                0x08003278                __ssputs_r
 .text._svfprintf_r
                0x0800332c      0x1f0 d:/ac6/systemworkbench/plugins/fr.ac6.mcu.externaltools.arm-none.win32_1.17.0.201812190825/tools/compiler/bin/../lib/gcc/arm-none-eabi/7.3.1/../../../../arm-none-eabi/lib/thumb/v7e-m/fpv4-sp/hard\libc_nano.a(lib_a-nano-svfprintf.o)
                0x0800332c                _svfiprintf_r
                0x0800332c                _svfprintf_r
 .text._printf_common
                0x0800351c       0xea d:/ac6/systemworkbench/plugins/fr.ac6.mcu.externaltools.arm-none.win32_1.17.0.201812190825/tools/compiler/bin/../lib/gcc/arm-none-eabi/7.3.1/../../../../arm-none-eabi/lib/thumb/v7e-m/fpv4-sp/hard\libc_nano.a(lib_a-nano-vfprintf_i.o)
                0x0800351c                _printf_common
 *fill*         0x08003606        0x2 
 .text._printf_i
                0x08003608      0x224 d:/ac6/systemworkbench/plugins/fr.ac6.mcu.externaltools.arm-none.win32_1.17.0.201812190825/tools/compiler/bin/../lib/gcc/arm-none-eabi/7.3.1/../../../../arm-none-eabi/lib/thumb/v7e-m/fpv4-sp/hard\libc_nano.a(lib_a-nano-vfprintf_i.o)
                0x08003608                _printf_i
 .text.memcpy   0x0800382c       0x16 d:/ac6/systemworkbench/plugins/fr.ac6.mcu.externaltools.arm-none.win32_1.17.0.201812190825/tools/compiler/bin/../lib/gcc/arm-none-eabi/7.3.1/../../../../arm-none-eabi/lib/thumb/v7e-m/fpv4-sp/hard\libc_nano.a(lib_a-memcpy-stub.o)
                0x0800382c                memcpy
 .text.memmove  0x08003842       0x32 d:/ac6/systemworkbench/plugins/fr.ac6.mcu.externaltools.arm-none.win32_1.17.0.201812190825/tools/compiler/bin/../lib/gcc/arm-none-eabi/7.3.1/../../../../arm-none-eabi/lib/thumb/v7e-m/fpv4-sp/hard\libc_nano.a(lib_a-memmove.o)
                0x08003842                memmove
 .text._realloc_r
                0x08003874       0x4c d:/ac6/systemworkbench/plugins/fr.ac6.mcu.externaltools.arm-none.win32_1.17.0.201812190825/tools/compiler/bin/../lib/gcc/arm-none-eabi/7.3.1/../../../../arm-none-eabi/lib/thumb/v7e-m/fpv4-sp/hard\libc_nano.a(lib_a-nano-reallocr.o)
                0x08003874                _realloc_r
 .text._malloc_usable_size_r
                0x080038c0       0x10 d:/ac6/systemworkbench/plugins/fr.ac6.mcu.externaltools.arm-none.win32_1.17.0.201812190825/tools/compiler/bin/../lib/gcc/arm-none-eabi/7.3.1/../../../../arm-none-eabi/lib/thumb/v7e-m/fpv4-sp/hard\libc_nano.a(lib_a-nano-msizer.o)
                0x080038c0                _malloc_usable_size_r
 *(.glue_7)
 .glue_7        0x080038d0        0x0 linker stubs
 *(.glue_7t)
 .glue_7t       0x080038d0        0x0 linker stubs
 *(.eh_frame)
 .eh_frame      0x080038d0        0x0 d:/ac6/systemworkbench/plugins/fr.ac6.mcu.externaltools.arm-none.win32_1.17.0.201812190825/tools/compiler/bin/../lib/gcc/arm-none-eabi/7.3.1/thumb/v7e-m/fpv4-sp/hard/crtbegin.o
 *(.init)
 .init          0x080038d0        0x4 d:/ac6/systemworkbench/plugins/fr.ac6.mcu.externaltools.arm-none.win32_1.17.0.201812190825/tools/compiler/bin/../lib/gcc/arm-none-eabi/7.3.1/thumb/v7e-m/fpv4-sp/hard/crti.o
                0x080038d0                _init
 .init          0x080038d4        0x8 d:/ac6/systemworkbench/plugins/fr.ac6.mcu.externaltools.arm-none.win32_1.17.0.201812190825/tools/compiler/bin/../lib/gcc/arm-none-eabi/7.3.1/thumb/v7e-m/fpv4-sp/hard/crtn.o
 *(.fini)
 .fini          0x080038dc        0x4 d:/ac6/systemworkbench/plugins/fr.ac6.mcu.externaltools.arm-none.win32_1.17.0.201812190825/tools/compiler/bin/../lib/gcc/arm-none-eabi/7.3.1/thumb/v7e-m/fpv4-sp/hard/crti.o
                0x080038dc                _fini
 .fini          0x080038e0        0x8 d:/ac6/systemworkbench/plugins/fr.ac6.mcu.externaltools.arm-none.win32_1.17.0.201812190825/tools/compiler/bin/../lib/gcc/arm-none-eabi/7.3.1/thumb/v7e-m/fpv4-sp/hard/crtn.o
                0x080038e8                . = ALIGN (0x4)
                0x080038e8                _etext = .

.vfp11_veneer   0x080038e8        0x0
 .vfp11_veneer  0x080038e8        0x0 linker stubs

.v4_bx          0x080038e8        0x0
 .v4_bx         0x080038e8        0x0 linker stubs

.iplt           0x080038e8        0x0
 .iplt          0x080038e8        0x0 d:/ac6/systemworkbench/plugins/fr.ac6.mcu.externaltools.arm-none.win32_1.17.0.201812190825/tools/compiler/bin/../lib/gcc/arm-none-eabi/7.3.1/thumb/v7e-m/fpv4-sp/hard/crtbegin.o

.rodata         0x080038e8      0x134
                0x080038e8                . = ALIGN (0x4)
 *(.rodata)
 .rodata        0x080038e8       0x20 Drivers/STM32F3xx_HAL_Driver/Src/stm32f3xx_hal_rcc.o
                0x080038e8                aPLLMULFactorTable
                0x080038f8                aPredivFactorTable
 .rodata        0x08003908       0x18 Src/system_stm32f3xx.o
                0x08003908                AHBPrescTable
                0x08003918                APBPrescTable
 *(.rodata*)
 .rodata.str1.4
                0x08003920       0xc8 Src/main.o
                                 0xc7 (size before relaxing)
 .rodata._svfprintf_r.str1.1
                0x080039e8       0x11 d:/ac6/systemworkbench/plugins/fr.ac6.mcu.externaltools.arm-none.win32_1.17.0.201812190825/tools/compiler/bin/../lib/gcc/arm-none-eabi/7.3.1/../../../../arm-none-eabi/lib/thumb/v7e-m/fpv4-sp/hard\libc_nano.a(lib_a-nano-svfprintf.o)
 .rodata._printf_i.str1.1
                0x080039f9       0x22 d:/ac6/systemworkbench/plugins/fr.ac6.mcu.externaltools.arm-none.win32_1.17.0.201812190825/tools/compiler/bin/../lib/gcc/arm-none-eabi/7.3.1/../../../../arm-none-eabi/lib/thumb/v7e-m/fpv4-sp/hard\libc_nano.a(lib_a-nano-vfprintf_i.o)
                0x08003a1c                . = ALIGN (0x4)
 *fill*         0x08003a1b        0x1 

.rel.dyn        0x08003a1c        0x0
 .rel.iplt      0x08003a1c        0x0 d:/ac6/systemworkbench/plugins/fr.ac6.mcu.externaltools.arm-none.win32_1.17.0.201812190825/tools/compiler/bin/../lib/gcc/arm-none-eabi/7.3.1/thumb/v7e-m/fpv4-sp/hard/crtbegin.o

.ARM.extab
 *(.ARM.extab* .gnu.linkonce.armextab.*)

.ARM            0x08003a1c        0x0
                0x08003a1c                __exidx_start = .
 *(.ARM.exidx*)
                0x08003a1c                __exidx_end = .

.preinit_array  0x08003a1c        0x0
                0x08003a1c                PROVIDE (__preinit_array_start = .)
 *(.preinit_array*)
                0x08003a1c                PROVIDE (__preinit_array_end = .)

.init_array     0x08003a1c        0x4
                0x08003a1c                PROVIDE (__init_array_start = .)
 *(SORT_BY_NAME(.init_array.*))
 *(.init_array*)
 .init_array    0x08003a1c        0x4 d:/ac6/systemworkbench/plugins/fr.ac6.mcu.externaltools.arm-none.win32_1.17.0.201812190825/tools/compiler/bin/../lib/gcc/arm-none-eabi/7.3.1/thumb/v7e-m/fpv4-sp/hard/crtbegin.o
                0x08003a20                PROVIDE (__init_array_end = .)

.fini_array     0x08003a20        0x4
                [!provide]                PROVIDE (__fini_array_start = .)
 *(SORT_BY_NAME(.fini_array.*))
 *(.fini_array*)
 .fini_array    0x08003a20        0x4 d:/ac6/systemworkbench/plugins/fr.ac6.mcu.externaltools.arm-none.win32_1.17.0.201812190825/tools/compiler/bin/../lib/gcc/arm-none-eabi/7.3.1/thumb/v7e-m/fpv4-sp/hard/crtbegin.o
                [!provide]                PROVIDE (__fini_array_end = .)
                0x08003a24                _sidata = LOADADDR (.data)

.data           0x20000000       0x74 load address 0x08003a24
                0x20000000                . = ALIGN (0x4)
                0x20000000                _sdata = .
 *(.data)
 .data          0x20000000        0x8 Drivers/STM32F3xx_HAL_Driver/Src/stm32f3xx_hal.o
                0x20000000                uwTickFreq
                0x20000004                uwTickPrio
 .data          0x20000008        0x4 Src/stm32f4_easy_can.o
 .data          0x2000000c        0x4 Src/system_stm32f3xx.o
                0x2000000c                SystemCoreClock
 *(.data*)
 .data._impure_ptr
                0x20000010        0x4 d:/ac6/systemworkbench/plugins/fr.ac6.mcu.externaltools.arm-none.win32_1.17.0.201812190825/tools/compiler/bin/../lib/gcc/arm-none-eabi/7.3.1/../../../../arm-none-eabi/lib/thumb/v7e-m/fpv4-sp/hard\libc_nano.a(lib_a-impure.o)
                0x20000010                _impure_ptr
 .data.impure_data
                0x20000014       0x60 d:/ac6/systemworkbench/plugins/fr.ac6.mcu.externaltools.arm-none.win32_1.17.0.201812190825/tools/compiler/bin/../lib/gcc/arm-none-eabi/7.3.1/../../../../arm-none-eabi/lib/thumb/v7e-m/fpv4-sp/hard\libc_nano.a(lib_a-impure.o)
                0x20000074                . = ALIGN (0x4)
                0x20000074                _edata = .
                0x08003a98                _siccmram = LOADADDR (.ccmram)

.igot.plt       0x20000074        0x0 load address 0x08003a98
 .igot.plt      0x20000074        0x0 d:/ac6/systemworkbench/plugins/fr.ac6.mcu.externaltools.arm-none.win32_1.17.0.201812190825/tools/compiler/bin/../lib/gcc/arm-none-eabi/7.3.1/thumb/v7e-m/fpv4-sp/hard/crtbegin.o

.ccmram         0x10000000        0x0 load address 0x08003a98
                0x10000000                . = ALIGN (0x4)
                0x10000000                _sccmram = .
 *(.ccmram)
 *(.ccmram*)
                0x10000000                . = ALIGN (0x4)
                0x10000000                _eccmram = .
                0x10000000                . = ALIGN (0x4)

.bss            0x20000074      0x29c
                0x20000074                _sbss = .
                0x20000074                __bss_start__ = _sbss
 *(.bss)
 .bss           0x20000074       0x1c d:/ac6/systemworkbench/plugins/fr.ac6.mcu.externaltools.arm-none.win32_1.17.0.201812190825/tools/compiler/bin/../lib/gcc/arm-none-eabi/7.3.1/thumb/v7e-m/fpv4-sp/hard/crtbegin.o
 .bss           0x20000090       0x54 Src/canmd_controller.o
 .bss           0x200000e4        0x8 Src/main.o
 .bss           0x200000ec       0x2c Src/ps3.o
 .bss           0x20000118        0x4 Src/stm32_printf.o
 .bss           0x2000011c       0x14 Src/stm32f4_easy_can.o
 .bss           0x20000130        0x8 Src/syscalls.o
                0x20000134                __env
 *(.bss*)
 .bss.__malloc_free_list
                0x20000138        0x4 d:/ac6/systemworkbench/plugins/fr.ac6.mcu.externaltools.arm-none.win32_1.17.0.201812190825/tools/compiler/bin/../lib/gcc/arm-none-eabi/7.3.1/../../../../arm-none-eabi/lib/thumb/v7e-m/fpv4-sp/hard\libc_nano.a(lib_a-nano-mallocr.o)
                0x20000138                __malloc_free_list
 .bss.__malloc_sbrk_start
                0x2000013c        0x4 d:/ac6/systemworkbench/plugins/fr.ac6.mcu.externaltools.arm-none.win32_1.17.0.201812190825/tools/compiler/bin/../lib/gcc/arm-none-eabi/7.3.1/../../../../arm-none-eabi/lib/thumb/v7e-m/fpv4-sp/hard\libc_nano.a(lib_a-nano-mallocr.o)
                0x2000013c                __malloc_sbrk_start
 *(COMMON)
 COMMON         0x20000140        0x4 Drivers/STM32F3xx_HAL_Driver/Src/stm32f3xx_hal.o
                0x20000140                uwTick
 COMMON         0x20000144       0x28 Src/can.o
                0x20000144                hcan
 COMMON         0x2000016c       0xc0 Src/tim.o
                0x2000016c                htim6
                0x200001ac                htim16
                0x200001ec                htim7
 COMMON         0x2000022c       0xe0 Src/usart.o
                0x2000022c                huart1
                0x2000029c                huart2
 COMMON         0x2000030c        0x4 d:/ac6/systemworkbench/plugins/fr.ac6.mcu.externaltools.arm-none.win32_1.17.0.201812190825/tools/compiler/bin/../lib/gcc/arm-none-eabi/7.3.1/../../../../arm-none-eabi/lib/thumb/v7e-m/fpv4-sp/hard\libc_nano.a(lib_a-reent.o)
                0x2000030c                errno
                0x20000310                . = ALIGN (0x4)
                0x20000310                _ebss = .
                0x20000310                __bss_end__ = _ebss

._user_heap_stack
                0x20000310      0x600
                0x20000310                . = ALIGN (0x8)
                0x20000310                PROVIDE (end = .)
                [!provide]                PROVIDE (_end = .)
                0x20000510                . = (. + _Min_Heap_Size)
 *fill*         0x20000310      0x200 
                0x20000910                . = (. + _Min_Stack_Size)
 *fill*         0x20000510      0x400 
                0x20000910                . = ALIGN (0x8)

/DISCARD/
 libc.a(*)
 libm.a(*)
 libgcc.a(*)

.ARM.attributes
                0x00000000       0x30
 *(.ARM.attributes)
 .ARM.attributes
                0x00000000       0x22 d:/ac6/systemworkbench/plugins/fr.ac6.mcu.externaltools.arm-none.win32_1.17.0.201812190825/tools/compiler/bin/../lib/gcc/arm-none-eabi/7.3.1/thumb/v7e-m/fpv4-sp/hard/crti.o
 .ARM.attributes
                0x00000022       0x34 d:/ac6/systemworkbench/plugins/fr.ac6.mcu.externaltools.arm-none.win32_1.17.0.201812190825/tools/compiler/bin/../lib/gcc/arm-none-eabi/7.3.1/thumb/v7e-m/fpv4-sp/hard/crtbegin.o
 .ARM.attributes
                0x00000056       0x39 Drivers/STM32F3xx_HAL_Driver/Src/stm32f3xx_hal.o
 .ARM.attributes
                0x0000008f       0x39 Drivers/STM32F3xx_HAL_Driver/Src/stm32f3xx_hal_can.o
 .ARM.attributes
                0x000000c8       0x39 Drivers/STM32F3xx_HAL_Driver/Src/stm32f3xx_hal_cortex.o
 .ARM.attributes
                0x00000101       0x39 Drivers/STM32F3xx_HAL_Driver/Src/stm32f3xx_hal_dma.o
 .ARM.attributes
                0x0000013a       0x39 Drivers/STM32F3xx_HAL_Driver/Src/stm32f3xx_hal_gpio.o
 .ARM.attributes
                0x00000173       0x39 Drivers/STM32F3xx_HAL_Driver/Src/stm32f3xx_hal_rcc.o
 .ARM.attributes
                0x000001ac       0x39 Drivers/STM32F3xx_HAL_Driver/Src/stm32f3xx_hal_rcc_ex.o
 .ARM.attributes
                0x000001e5       0x39 Drivers/STM32F3xx_HAL_Driver/Src/stm32f3xx_hal_tim.o
 .ARM.attributes
                0x0000021e       0x39 Drivers/STM32F3xx_HAL_Driver/Src/stm32f3xx_hal_tim_ex.o
 .ARM.attributes
                0x00000257       0x39 Drivers/STM32F3xx_HAL_Driver/Src/stm32f3xx_hal_uart.o
 .ARM.attributes
                0x00000290       0x39 Drivers/STM32F3xx_HAL_Driver/Src/stm32f3xx_hal_uart_ex.o
 .ARM.attributes
                0x000002c9       0x39 Src/can.o
 .ARM.attributes
                0x00000302       0x39 Src/canmd_controller.o
 .ARM.attributes
                0x0000033b       0x39 Src/gpio.o
 .ARM.attributes
                0x00000374       0x39 Src/main.o
 .ARM.attributes
                0x000003ad       0x39 Src/ps3.o
 .ARM.attributes
                0x000003e6       0x39 Src/stm32_printf.o
 .ARM.attributes
                0x0000041f       0x39 Src/stm32f3xx_hal_msp.o
 .ARM.attributes
                0x00000458       0x39 Src/stm32f3xx_it.o
 .ARM.attributes
                0x00000491       0x39 Src/stm32f4_easy_can.o
 .ARM.attributes
                0x000004ca       0x39 Src/syscalls.o
 .ARM.attributes
                0x00000503       0x39 Src/system_stm32f3xx.o
 .ARM.attributes
                0x0000053c       0x39 Src/tim.o
 .ARM.attributes
                0x00000575       0x39 Src/usart.o
 .ARM.attributes
                0x000005ae       0x21 startup/startup_stm32f303x8.o
 .ARM.attributes
                0x000005cf       0x34 d:/ac6/systemworkbench/plugins/fr.ac6.mcu.externaltools.arm-none.win32_1.17.0.201812190825/tools/compiler/bin/../lib/gcc/arm-none-eabi/7.3.1/../../../../arm-none-eabi/lib/thumb/v7e-m/fpv4-sp/hard\libc_nano.a(lib_a-errno.o)
 .ARM.attributes
                0x00000603       0x34 d:/ac6/systemworkbench/plugins/fr.ac6.mcu.externaltools.arm-none.win32_1.17.0.201812190825/tools/compiler/bin/../lib/gcc/arm-none-eabi/7.3.1/../../../../arm-none-eabi/lib/thumb/v7e-m/fpv4-sp/hard\libc_nano.a(lib_a-impure.o)
 .ARM.attributes
                0x00000637       0x34 d:/ac6/systemworkbench/plugins/fr.ac6.mcu.externaltools.arm-none.win32_1.17.0.201812190825/tools/compiler/bin/../lib/gcc/arm-none-eabi/7.3.1/../../../../arm-none-eabi/lib/thumb/v7e-m/fpv4-sp/hard\libc_nano.a(lib_a-init.o)
 .ARM.attributes
                0x0000066b       0x34 d:/ac6/systemworkbench/plugins/fr.ac6.mcu.externaltools.arm-none.win32_1.17.0.201812190825/tools/compiler/bin/../lib/gcc/arm-none-eabi/7.3.1/../../../../arm-none-eabi/lib/thumb/v7e-m/fpv4-sp/hard\libc_nano.a(lib_a-malloc.o)
 .ARM.attributes
                0x0000069f       0x34 d:/ac6/systemworkbench/plugins/fr.ac6.mcu.externaltools.arm-none.win32_1.17.0.201812190825/tools/compiler/bin/../lib/gcc/arm-none-eabi/7.3.1/../../../../arm-none-eabi/lib/thumb/v7e-m/fpv4-sp/hard\libc_nano.a(lib_a-memset.o)
 .ARM.attributes
                0x000006d3       0x34 d:/ac6/systemworkbench/plugins/fr.ac6.mcu.externaltools.arm-none.win32_1.17.0.201812190825/tools/compiler/bin/../lib/gcc/arm-none-eabi/7.3.1/../../../../arm-none-eabi/lib/thumb/v7e-m/fpv4-sp/hard\libc_nano.a(lib_a-nano-freer.o)
 .ARM.attributes
                0x00000707       0x34 d:/ac6/systemworkbench/plugins/fr.ac6.mcu.externaltools.arm-none.win32_1.17.0.201812190825/tools/compiler/bin/../lib/gcc/arm-none-eabi/7.3.1/../../../../arm-none-eabi/lib/thumb/v7e-m/fpv4-sp/hard\libc_nano.a(lib_a-nano-mallocr.o)
 .ARM.attributes
                0x0000073b       0x34 d:/ac6/systemworkbench/plugins/fr.ac6.mcu.externaltools.arm-none.win32_1.17.0.201812190825/tools/compiler/bin/../lib/gcc/arm-none-eabi/7.3.1/../../../../arm-none-eabi/lib/thumb/v7e-m/fpv4-sp/hard\libc_nano.a(lib_a-sbrkr.o)
 .ARM.attributes
                0x0000076f       0x34 d:/ac6/systemworkbench/plugins/fr.ac6.mcu.externaltools.arm-none.win32_1.17.0.201812190825/tools/compiler/bin/../lib/gcc/arm-none-eabi/7.3.1/../../../../arm-none-eabi/lib/thumb/v7e-m/fpv4-sp/hard\libc_nano.a(lib_a-vsnprintf.o)
 .ARM.attributes
                0x000007a3       0x34 d:/ac6/systemworkbench/plugins/fr.ac6.mcu.externaltools.arm-none.win32_1.17.0.201812190825/tools/compiler/bin/../lib/gcc/arm-none-eabi/7.3.1/../../../../arm-none-eabi/lib/thumb/v7e-m/fpv4-sp/hard\libc_nano.a(lib_a-vsprintf.o)
 .ARM.attributes
                0x000007d7       0x34 d:/ac6/systemworkbench/plugins/fr.ac6.mcu.externaltools.arm-none.win32_1.17.0.201812190825/tools/compiler/bin/../lib/gcc/arm-none-eabi/7.3.1/../../../../arm-none-eabi/lib/thumb/v7e-m/fpv4-sp/hard\libc_nano.a(lib_a-mlock.o)
 .ARM.attributes
                0x0000080b       0x34 d:/ac6/systemworkbench/plugins/fr.ac6.mcu.externaltools.arm-none.win32_1.17.0.201812190825/tools/compiler/bin/../lib/gcc/arm-none-eabi/7.3.1/../../../../arm-none-eabi/lib/thumb/v7e-m/fpv4-sp/hard\libc_nano.a(lib_a-nano-svfprintf.o)
 .ARM.attributes
                0x0000083f       0x34 d:/ac6/systemworkbench/plugins/fr.ac6.mcu.externaltools.arm-none.win32_1.17.0.201812190825/tools/compiler/bin/../lib/gcc/arm-none-eabi/7.3.1/../../../../arm-none-eabi/lib/thumb/v7e-m/fpv4-sp/hard\libc_nano.a(lib_a-nano-vfprintf_i.o)
 .ARM.attributes
                0x00000873       0x34 d:/ac6/systemworkbench/plugins/fr.ac6.mcu.externaltools.arm-none.win32_1.17.0.201812190825/tools/compiler/bin/../lib/gcc/arm-none-eabi/7.3.1/../../../../arm-none-eabi/lib/thumb/v7e-m/fpv4-sp/hard\libc_nano.a(lib_a-reent.o)
 .ARM.attributes
                0x000008a7       0x20 d:/ac6/systemworkbench/plugins/fr.ac6.mcu.externaltools.arm-none.win32_1.17.0.201812190825/tools/compiler/bin/../lib/gcc/arm-none-eabi/7.3.1/../../../../arm-none-eabi/lib/thumb/v7e-m/fpv4-sp/hard\libc_nano.a(lib_a-memchr.o)
 .ARM.attributes
                0x000008c7       0x34 d:/ac6/systemworkbench/plugins/fr.ac6.mcu.externaltools.arm-none.win32_1.17.0.201812190825/tools/compiler/bin/../lib/gcc/arm-none-eabi/7.3.1/../../../../arm-none-eabi/lib/thumb/v7e-m/fpv4-sp/hard\libc_nano.a(lib_a-memcpy-stub.o)
 .ARM.attributes
                0x000008fb       0x34 d:/ac6/systemworkbench/plugins/fr.ac6.mcu.externaltools.arm-none.win32_1.17.0.201812190825/tools/compiler/bin/../lib/gcc/arm-none-eabi/7.3.1/../../../../arm-none-eabi/lib/thumb/v7e-m/fpv4-sp/hard\libc_nano.a(lib_a-memmove.o)
 .ARM.attributes
                0x0000092f       0x34 d:/ac6/systemworkbench/plugins/fr.ac6.mcu.externaltools.arm-none.win32_1.17.0.201812190825/tools/compiler/bin/../lib/gcc/arm-none-eabi/7.3.1/../../../../arm-none-eabi/lib/thumb/v7e-m/fpv4-sp/hard\libc_nano.a(lib_a-nano-reallocr.o)
 .ARM.attributes
                0x00000963       0x34 d:/ac6/systemworkbench/plugins/fr.ac6.mcu.externaltools.arm-none.win32_1.17.0.201812190825/tools/compiler/bin/../lib/gcc/arm-none-eabi/7.3.1/../../../../arm-none-eabi/lib/thumb/v7e-m/fpv4-sp/hard\libc_nano.a(lib_a-nano-msizer.o)
 .ARM.attributes
                0x00000997       0x22 d:/ac6/systemworkbench/plugins/fr.ac6.mcu.externaltools.arm-none.win32_1.17.0.201812190825/tools/compiler/bin/../lib/gcc/arm-none-eabi/7.3.1/thumb/v7e-m/fpv4-sp/hard/crtn.o
OUTPUT(practice03.elf elf32-littlearm)

.debug_info     0x00000000    0x1e10b
 .debug_info    0x00000000     0x1016 Drivers/STM32F3xx_HAL_Driver/Src/stm32f3xx_hal.o
 .debug_info    0x00001016     0x1954 Drivers/STM32F3xx_HAL_Driver/Src/stm32f3xx_hal_can.o
 .debug_info    0x0000296a     0x14cf Drivers/STM32F3xx_HAL_Driver/Src/stm32f3xx_hal_cortex.o
 .debug_info    0x00003e39     0x10a1 Drivers/STM32F3xx_HAL_Driver/Src/stm32f3xx_hal_dma.o
 .debug_info    0x00004eda      0xff8 Drivers/STM32F3xx_HAL_Driver/Src/stm32f3xx_hal_gpio.o
 .debug_info    0x00005ed2     0x1c80 Drivers/STM32F3xx_HAL_Driver/Src/stm32f3xx_hal_rcc.o
 .debug_info    0x00007b52      0xea9 Drivers/STM32F3xx_HAL_Driver/Src/stm32f3xx_hal_rcc_ex.o
 .debug_info    0x000089fb     0x3821 Drivers/STM32F3xx_HAL_Driver/Src/stm32f3xx_hal_tim.o
 .debug_info    0x0000c21c     0x1ed5 Drivers/STM32F3xx_HAL_Driver/Src/stm32f3xx_hal_tim_ex.o
 .debug_info    0x0000e0f1     0x2235 Drivers/STM32F3xx_HAL_Driver/Src/stm32f3xx_hal_uart.o
 .debug_info    0x00010326     0x1198 Drivers/STM32F3xx_HAL_Driver/Src/stm32f3xx_hal_uart_ex.o
 .debug_info    0x000114be     0x1211 Src/can.o
 .debug_info    0x000126cf      0x323 Src/canmd_controller.o
 .debug_info    0x000129f2      0xc61 Src/gpio.o
 .debug_info    0x00013653     0x2139 Src/main.o
 .debug_info    0x0001578c      0x272 Src/ps3.o
 .debug_info    0x000159fe     0x105a Src/stm32_printf.o
 .debug_info    0x00016a58      0xa9a Src/stm32f3xx_hal_msp.o
 .debug_info    0x000174f2     0x1685 Src/stm32f3xx_it.o
 .debug_info    0x00018b77     0x1144 Src/stm32f4_easy_can.o
 .debug_info    0x00019cbb      0xfd3 Src/syscalls.o
 .debug_info    0x0001ac8e      0xc82 Src/system_stm32f3xx.o
 .debug_info    0x0001b910     0x139e Src/tim.o
 .debug_info    0x0001ccae     0x143b Src/usart.o
 .debug_info    0x0001e0e9       0x22 startup/startup_stm32f303x8.o

.debug_abbrev   0x00000000     0x3f72
 .debug_abbrev  0x00000000      0x2e1 Drivers/STM32F3xx_HAL_Driver/Src/stm32f3xx_hal.o
 .debug_abbrev  0x000002e1      0x32e Drivers/STM32F3xx_HAL_Driver/Src/stm32f3xx_hal_can.o
 .debug_abbrev  0x0000060f      0x3b1 Drivers/STM32F3xx_HAL_Driver/Src/stm32f3xx_hal_cortex.o
 .debug_abbrev  0x000009c0      0x2d6 Drivers/STM32F3xx_HAL_Driver/Src/stm32f3xx_hal_dma.o
 .debug_abbrev  0x00000c96      0x2a7 Drivers/STM32F3xx_HAL_Driver/Src/stm32f3xx_hal_gpio.o
 .debug_abbrev  0x00000f3d      0x365 Drivers/STM32F3xx_HAL_Driver/Src/stm32f3xx_hal_rcc.o
 .debug_abbrev  0x000012a2      0x336 Drivers/STM32F3xx_HAL_Driver/Src/stm32f3xx_hal_rcc_ex.o
 .debug_abbrev  0x000015d8      0x2e0 Drivers/STM32F3xx_HAL_Driver/Src/stm32f3xx_hal_tim.o
 .debug_abbrev  0x000018b8      0x2e0 Drivers/STM32F3xx_HAL_Driver/Src/stm32f3xx_hal_tim_ex.o
 .debug_abbrev  0x00001b98      0x2eb Drivers/STM32F3xx_HAL_Driver/Src/stm32f3xx_hal_uart.o
 .debug_abbrev  0x00001e83      0x2a8 Drivers/STM32F3xx_HAL_Driver/Src/stm32f3xx_hal_uart_ex.o
 .debug_abbrev  0x0000212b      0x288 Src/can.o
 .debug_abbrev  0x000023b3      0x18b Src/canmd_controller.o
 .debug_abbrev  0x0000253e      0x22b Src/gpio.o
 .debug_abbrev  0x00002769      0x38e Src/main.o
 .debug_abbrev  0x00002af7      0x11c Src/ps3.o
 .debug_abbrev  0x00002c13      0x27b Src/stm32_printf.o
 .debug_abbrev  0x00002e8e      0x1fd Src/stm32f3xx_hal_msp.o
 .debug_abbrev  0x0000308b      0x257 Src/stm32f3xx_it.o
 .debug_abbrev  0x000032e2      0x2a2 Src/stm32f4_easy_can.o
 .debug_abbrev  0x00003584      0x2d4 Src/syscalls.o
 .debug_abbrev  0x00003858      0x21f Src/system_stm32f3xx.o
 .debug_abbrev  0x00003a77      0x27d Src/tim.o
 .debug_abbrev  0x00003cf4      0x26c Src/usart.o
 .debug_abbrev  0x00003f60       0x12 startup/startup_stm32f303x8.o

.debug_loc      0x00000000     0xa334
 .debug_loc     0x00000000       0xfd Drivers/STM32F3xx_HAL_Driver/Src/stm32f3xx_hal.o
 .debug_loc     0x000000fd      0xc41 Drivers/STM32F3xx_HAL_Driver/Src/stm32f3xx_hal_can.o
 .debug_loc     0x00000d3e      0x5ad Drivers/STM32F3xx_HAL_Driver/Src/stm32f3xx_hal_cortex.o
 .debug_loc     0x000012eb      0x7aa Drivers/STM32F3xx_HAL_Driver/Src/stm32f3xx_hal_dma.o
 .debug_loc     0x00001a95      0x361 Drivers/STM32F3xx_HAL_Driver/Src/stm32f3xx_hal_gpio.o
 .debug_loc     0x00001df6      0x951 Drivers/STM32F3xx_HAL_Driver/Src/stm32f3xx_hal_rcc.o
 .debug_loc     0x00002747      0x449 Drivers/STM32F3xx_HAL_Driver/Src/stm32f3xx_hal_rcc_ex.o
 .debug_loc     0x00002b90     0x3744 Drivers/STM32F3xx_HAL_Driver/Src/stm32f3xx_hal_tim.o
 .debug_loc     0x000062d4     0x19c7 Drivers/STM32F3xx_HAL_Driver/Src/stm32f3xx_hal_tim_ex.o
 .debug_loc     0x00007c9b     0x160e Drivers/STM32F3xx_HAL_Driver/Src/stm32f3xx_hal_uart.o
 .debug_loc     0x000092a9      0x2d6 Drivers/STM32F3xx_HAL_Driver/Src/stm32f3xx_hal_uart_ex.o
 .debug_loc     0x0000957f       0x74 Src/can.o
 .debug_loc     0x000095f3      0x2c2 Src/canmd_controller.o
 .debug_loc     0x000098b5      0x113 Src/main.o
 .debug_loc     0x000099c8      0x10f Src/ps3.o
 .debug_loc     0x00009ad7       0x89 Src/stm32_printf.o
 .debug_loc     0x00009b60      0x1a8 Src/stm32f4_easy_can.o
 .debug_loc     0x00009d08      0x3af Src/syscalls.o
 .debug_loc     0x0000a0b7       0xff Src/system_stm32f3xx.o
 .debug_loc     0x0000a1b6       0xd8 Src/tim.o
 .debug_loc     0x0000a28e       0xa6 Src/usart.o

.debug_aranges  0x00000000      0xf38
 .debug_aranges
                0x00000000       0xe0 Drivers/STM32F3xx_HAL_Driver/Src/stm32f3xx_hal.o
 .debug_aranges
                0x000000e0      0x138 Drivers/STM32F3xx_HAL_Driver/Src/stm32f3xx_hal_can.o
 .debug_aranges
                0x00000218       0x90 Drivers/STM32F3xx_HAL_Driver/Src/stm32f3xx_hal_cortex.o
 .debug_aranges
                0x000002a8       0x88 Drivers/STM32F3xx_HAL_Driver/Src/stm32f3xx_hal_dma.o
 .debug_aranges
                0x00000330       0x58 Drivers/STM32F3xx_HAL_Driver/Src/stm32f3xx_hal_gpio.o
 .debug_aranges
                0x00000388       0x88 Drivers/STM32F3xx_HAL_Driver/Src/stm32f3xx_hal_rcc.o
 .debug_aranges
                0x00000410       0x38 Drivers/STM32F3xx_HAL_Driver/Src/stm32f3xx_hal_rcc_ex.o
 .debug_aranges
                0x00000448      0x378 Drivers/STM32F3xx_HAL_Driver/Src/stm32f3xx_hal_tim.o
 .debug_aranges
                0x000007c0      0x178 Drivers/STM32F3xx_HAL_Driver/Src/stm32f3xx_hal_tim_ex.o
 .debug_aranges
                0x00000938      0x1f0 Drivers/STM32F3xx_HAL_Driver/Src/stm32f3xx_hal_uart.o
 .debug_aranges
                0x00000b28       0x48 Drivers/STM32F3xx_HAL_Driver/Src/stm32f3xx_hal_uart_ex.o
 .debug_aranges
                0x00000b70       0x30 Src/can.o
 .debug_aranges
                0x00000ba0       0x58 Src/canmd_controller.o
 .debug_aranges
                0x00000bf8       0x20 Src/gpio.o
 .debug_aranges
                0x00000c18       0x50 Src/main.o
 .debug_aranges
                0x00000c68       0x40 Src/ps3.o
 .debug_aranges
                0x00000ca8       0x30 Src/stm32_printf.o
 .debug_aranges
                0x00000cd8       0x20 Src/stm32f3xx_hal_msp.o
 .debug_aranges
                0x00000cf8       0x88 Src/stm32f3xx_it.o
 .debug_aranges
                0x00000d80       0x40 Src/stm32f4_easy_can.o
 .debug_aranges
                0x00000dc0       0xb0 Src/syscalls.o
 .debug_aranges
                0x00000e70       0x28 Src/system_stm32f3xx.o
 .debug_aranges
                0x00000e98       0x40 Src/tim.o
 .debug_aranges
                0x00000ed8       0x38 Src/usart.o
 .debug_aranges
                0x00000f10       0x28 startup/startup_stm32f303x8.o

.debug_ranges   0x00000000      0xe48
 .debug_ranges  0x00000000       0xd0 Drivers/STM32F3xx_HAL_Driver/Src/stm32f3xx_hal.o
 .debug_ranges  0x000000d0      0x128 Drivers/STM32F3xx_HAL_Driver/Src/stm32f3xx_hal_can.o
 .debug_ranges  0x000001f8       0xe0 Drivers/STM32F3xx_HAL_Driver/Src/stm32f3xx_hal_cortex.o
 .debug_ranges  0x000002d8       0x78 Drivers/STM32F3xx_HAL_Driver/Src/stm32f3xx_hal_dma.o
 .debug_ranges  0x00000350       0x48 Drivers/STM32F3xx_HAL_Driver/Src/stm32f3xx_hal_gpio.o
 .debug_ranges  0x00000398       0x98 Drivers/STM32F3xx_HAL_Driver/Src/stm32f3xx_hal_rcc.o
 .debug_ranges  0x00000430       0x40 Drivers/STM32F3xx_HAL_Driver/Src/stm32f3xx_hal_rcc_ex.o
 .debug_ranges  0x00000470      0x368 Drivers/STM32F3xx_HAL_Driver/Src/stm32f3xx_hal_tim.o
 .debug_ranges  0x000007d8      0x168 Drivers/STM32F3xx_HAL_Driver/Src/stm32f3xx_hal_tim_ex.o
 .debug_ranges  0x00000940      0x1e0 Drivers/STM32F3xx_HAL_Driver/Src/stm32f3xx_hal_uart.o
 .debug_ranges  0x00000b20       0x38 Drivers/STM32F3xx_HAL_Driver/Src/stm32f3xx_hal_uart_ex.o
 .debug_ranges  0x00000b58       0x20 Src/can.o
 .debug_ranges  0x00000b78       0x48 Src/canmd_controller.o
 .debug_ranges  0x00000bc0       0x10 Src/gpio.o
 .debug_ranges  0x00000bd0       0x40 Src/main.o
 .debug_ranges  0x00000c10       0x30 Src/ps3.o
 .debug_ranges  0x00000c40       0x20 Src/stm32_printf.o
 .debug_ranges  0x00000c60       0x10 Src/stm32f3xx_hal_msp.o
 .debug_ranges  0x00000c70       0x78 Src/stm32f3xx_it.o
 .debug_ranges  0x00000ce8       0x30 Src/stm32f4_easy_can.o
 .debug_ranges  0x00000d18       0xa0 Src/syscalls.o
 .debug_ranges  0x00000db8       0x18 Src/system_stm32f3xx.o
 .debug_ranges  0x00000dd0       0x30 Src/tim.o
 .debug_ranges  0x00000e00       0x28 Src/usart.o
 .debug_ranges  0x00000e28       0x20 startup/startup_stm32f303x8.o

.debug_macro    0x00000000    0x1b33b
 .debug_macro   0x00000000      0x340 Drivers/STM32F3xx_HAL_Driver/Src/stm32f3xx_hal.o
 .debug_macro   0x00000340      0xa60 Drivers/STM32F3xx_HAL_Driver/Src/stm32f3xx_hal.o
 .debug_macro   0x00000da0       0xb1 Drivers/STM32F3xx_HAL_Driver/Src/stm32f3xx_hal.o
 .debug_macro   0x00000e51       0x2f Drivers/STM32F3xx_HAL_Driver/Src/stm32f3xx_hal.o
 .debug_macro   0x00000e80       0x28 Drivers/STM32F3xx_HAL_Driver/Src/stm32f3xx_hal.o
 .debug_macro   0x00000ea8       0x22 Drivers/STM32F3xx_HAL_Driver/Src/stm32f3xx_hal.o
 .debug_macro   0x00000eca       0x8e Drivers/STM32F3xx_HAL_Driver/Src/stm32f3xx_hal.o
 .debug_macro   0x00000f58       0x51 Drivers/STM32F3xx_HAL_Driver/Src/stm32f3xx_hal.o
 .debug_macro   0x00000fa9       0xef Drivers/STM32F3xx_HAL_Driver/Src/stm32f3xx_hal.o
 .debug_macro   0x00001098       0x6a Drivers/STM32F3xx_HAL_Driver/Src/stm32f3xx_hal.o
 .debug_macro   0x00001102      0x1df Drivers/STM32F3xx_HAL_Driver/Src/stm32f3xx_hal.o
 .debug_macro   0x000012e1       0x35 Drivers/STM32F3xx_HAL_Driver/Src/stm32f3xx_hal.o
 .debug_macro   0x00001316       0x50 Drivers/STM32F3xx_HAL_Driver/Src/stm32f3xx_hal.o
 .debug_macro   0x00001366      0xd40 Drivers/STM32F3xx_HAL_Driver/Src/stm32f3xx_hal.o
 .debug_macro   0x000020a6    0x10bf5 Drivers/STM32F3xx_HAL_Driver/Src/stm32f3xx_hal.o
 .debug_macro   0x00012c9b       0x43 Drivers/STM32F3xx_HAL_Driver/Src/stm32f3xx_hal.o
 .debug_macro   0x00012cde       0x5e Drivers/STM32F3xx_HAL_Driver/Src/stm32f3xx_hal.o
 .debug_macro   0x00012d3c       0x18 Drivers/STM32F3xx_HAL_Driver/Src/stm32f3xx_hal.o
 .debug_macro   0x00012d54       0x35 Drivers/STM32F3xx_HAL_Driver/Src/stm32f3xx_hal.o
 .debug_macro   0x00012d89       0x34 Drivers/STM32F3xx_HAL_Driver/Src/stm32f3xx_hal.o
 .debug_macro   0x00012dbd       0x16 Drivers/STM32F3xx_HAL_Driver/Src/stm32f3xx_hal.o
 .debug_macro   0x00012dd3       0x97 Drivers/STM32F3xx_HAL_Driver/Src/stm32f3xx_hal.o
 .debug_macro   0x00012e6a      0x330 Drivers/STM32F3xx_HAL_Driver/Src/stm32f3xx_hal.o
 .debug_macro   0x0001319a       0xfd Drivers/STM32F3xx_HAL_Driver/Src/stm32f3xx_hal.o
 .debug_macro   0x00013297       0x10 Drivers/STM32F3xx_HAL_Driver/Src/stm32f3xx_hal.o
 .debug_macro   0x000132a7       0x58 Drivers/STM32F3xx_HAL_Driver/Src/stm32f3xx_hal.o
 .debug_macro   0x000132ff       0x1f Drivers/STM32F3xx_HAL_Driver/Src/stm32f3xx_hal.o
 .debug_macro   0x0001331e       0x43 Drivers/STM32F3xx_HAL_Driver/Src/stm32f3xx_hal.o
 .debug_macro   0x00013361       0x20 Drivers/STM32F3xx_HAL_Driver/Src/stm32f3xx_hal.o
 .debug_macro   0x00013381      0x18e Drivers/STM32F3xx_HAL_Driver/Src/stm32f3xx_hal.o
 .debug_macro   0x0001350f       0x10 Drivers/STM32F3xx_HAL_Driver/Src/stm32f3xx_hal.o
 .debug_macro   0x0001351f       0x1c Drivers/STM32F3xx_HAL_Driver/Src/stm32f3xx_hal.o
 .debug_macro   0x0001353b       0x52 Drivers/STM32F3xx_HAL_Driver/Src/stm32f3xx_hal.o
 .debug_macro   0x0001358d       0x40 Drivers/STM32F3xx_HAL_Driver/Src/stm32f3xx_hal.o
 .debug_macro   0x000135cd       0x10 Drivers/STM32F3xx_HAL_Driver/Src/stm32f3xx_hal.o
 .debug_macro   0x000135dd       0x40 Drivers/STM32F3xx_HAL_Driver/Src/stm32f3xx_hal.o
 .debug_macro   0x0001361d       0xd7 Drivers/STM32F3xx_HAL_Driver/Src/stm32f3xx_hal.o
 .debug_macro   0x000136f4       0x1c Drivers/STM32F3xx_HAL_Driver/Src/stm32f3xx_hal.o
 .debug_macro   0x00013710       0x3d Drivers/STM32F3xx_HAL_Driver/Src/stm32f3xx_hal.o
 .debug_macro   0x0001374d       0x16 Drivers/STM32F3xx_HAL_Driver/Src/stm32f3xx_hal.o
 .debug_macro   0x00013763      0x16f Drivers/STM32F3xx_HAL_Driver/Src/stm32f3xx_hal.o
 .debug_macro   0x000138d2       0x49 Drivers/STM32F3xx_HAL_Driver/Src/stm32f3xx_hal.o
 .debug_macro   0x0001391b      0x8ff Drivers/STM32F3xx_HAL_Driver/Src/stm32f3xx_hal.o
 .debug_macro   0x0001421a      0x304 Drivers/STM32F3xx_HAL_Driver/Src/stm32f3xx_hal.o
 .debug_macro   0x0001451e      0x13a Drivers/STM32F3xx_HAL_Driver/Src/stm32f3xx_hal.o
 .debug_macro   0x00014658      0x11b Drivers/STM32F3xx_HAL_Driver/Src/stm32f3xx_hal.o
 .debug_macro   0x00014773      0x1bc Drivers/STM32F3xx_HAL_Driver/Src/stm32f3xx_hal.o
 .debug_macro   0x0001492f       0x34 Drivers/STM32F3xx_HAL_Driver/Src/stm32f3xx_hal.o
 .debug_macro   0x00014963       0x3c Drivers/STM32F3xx_HAL_Driver/Src/stm32f3xx_hal.o
 .debug_macro   0x0001499f       0x57 Drivers/STM32F3xx_HAL_Driver/Src/stm32f3xx_hal.o
 .debug_macro   0x000149f6      0x40f Drivers/STM32F3xx_HAL_Driver/Src/stm32f3xx_hal.o
 .debug_macro   0x00014e05       0xcb Drivers/STM32F3xx_HAL_Driver/Src/stm32f3xx_hal.o
 .debug_macro   0x00014ed0      0x1a0 Drivers/STM32F3xx_HAL_Driver/Src/stm32f3xx_hal.o
 .debug_macro   0x00015070      0x209 Drivers/STM32F3xx_HAL_Driver/Src/stm32f3xx_hal.o
 .debug_macro   0x00015279       0x5b Drivers/STM32F3xx_HAL_Driver/Src/stm32f3xx_hal.o
 .debug_macro   0x000152d4       0x90 Drivers/STM32F3xx_HAL_Driver/Src/stm32f3xx_hal.o
 .debug_macro   0x00015364       0x82 Drivers/STM32F3xx_HAL_Driver/Src/stm32f3xx_hal.o
 .debug_macro   0x000153e6       0xd3 Drivers/STM32F3xx_HAL_Driver/Src/stm32f3xx_hal.o
 .debug_macro   0x000154b9      0x6af Drivers/STM32F3xx_HAL_Driver/Src/stm32f3xx_hal.o
 .debug_macro   0x00015b68      0x328 Drivers/STM32F3xx_HAL_Driver/Src/stm32f3xx_hal.o
 .debug_macro   0x00015e90      0x566 Drivers/STM32F3xx_HAL_Driver/Src/stm32f3xx_hal.o
 .debug_macro   0x000163f6       0x31 Drivers/STM32F3xx_HAL_Driver/Src/stm32f3xx_hal.o
 .debug_macro   0x00016427      0x28c Drivers/STM32F3xx_HAL_Driver/Src/stm32f3xx_hal.o
 .debug_macro   0x000166b3      0x324 Drivers/STM32F3xx_HAL_Driver/Src/stm32f3xx_hal_can.o
 .debug_macro   0x000169d7      0x31c Drivers/STM32F3xx_HAL_Driver/Src/stm32f3xx_hal_cortex.o
 .debug_macro   0x00016cf3      0x31c Drivers/STM32F3xx_HAL_Driver/Src/stm32f3xx_hal_dma.o
 .debug_macro   0x0001700f      0x354 Drivers/STM32F3xx_HAL_Driver/Src/stm32f3xx_hal_gpio.o
 .debug_macro   0x00017363      0x340 Drivers/STM32F3xx_HAL_Driver/Src/stm32f3xx_hal_rcc.o
 .debug_macro   0x000176a3      0x31c Drivers/STM32F3xx_HAL_Driver/Src/stm32f3xx_hal_rcc_ex.o
 .debug_macro   0x000179bf      0x31c Drivers/STM32F3xx_HAL_Driver/Src/stm32f3xx_hal_tim.o
 .debug_macro   0x00017cdb      0x328 Drivers/STM32F3xx_HAL_Driver/Src/stm32f3xx_hal_tim_ex.o
 .debug_macro   0x00018003      0x324 Drivers/STM32F3xx_HAL_Driver/Src/stm32f3xx_hal_uart.o
 .debug_macro   0x00018327      0x31c Drivers/STM32F3xx_HAL_Driver/Src/stm32f3xx_hal_uart_ex.o
 .debug_macro   0x00018643      0x335 Src/can.o
 .debug_macro   0x00018978       0x40 Src/can.o
 .debug_macro   0x000189b8       0x1a Src/canmd_controller.o
 .debug_macro   0x000189d2       0x10 Src/canmd_controller.o
 .debug_macro   0x000189e2      0x335 Src/gpio.o
 .debug_macro   0x00018d17      0x37e Src/main.o
 .debug_macro   0x00019095       0x21 Src/ps3.o
 .debug_macro   0x000190b6      0x372 Src/stm32_printf.o
 .debug_macro   0x00019428       0x4c Src/stm32_printf.o
 .debug_macro   0x00019474       0x16 Src/stm32_printf.o
 .debug_macro   0x0001948a       0x35 Src/stm32_printf.o
 .debug_macro   0x000194bf       0x16 Src/stm32_printf.o
 .debug_macro   0x000194d5       0x29 Src/stm32_printf.o
 .debug_macro   0x000194fe      0x32b Src/stm32f3xx_hal_msp.o
 .debug_macro   0x00019829      0x335 Src/stm32f3xx_it.o
 .debug_macro   0x00019b5e      0x32c Src/stm32f4_easy_can.o
 .debug_macro   0x00019e8a      0x243 Src/syscalls.o
 .debug_macro   0x0001a0cd       0x58 Src/syscalls.o
 .debug_macro   0x0001a125       0x94 Src/syscalls.o
 .debug_macro   0x0001a1b9       0x57 Src/syscalls.o
 .debug_macro   0x0001a210      0x174 Src/syscalls.o
 .debug_macro   0x0001a384       0x10 Src/syscalls.o
 .debug_macro   0x0001a394       0x10 Src/syscalls.o
 .debug_macro   0x0001a3a4       0x10 Src/syscalls.o
 .debug_macro   0x0001a3b4       0x35 Src/syscalls.o
 .debug_macro   0x0001a3e9      0x122 Src/syscalls.o
 .debug_macro   0x0001a50b       0x10 Src/syscalls.o
 .debug_macro   0x0001a51b      0x241 Src/syscalls.o
 .debug_macro   0x0001a75c       0x1c Src/syscalls.o
 .debug_macro   0x0001a778       0x10 Src/syscalls.o
 .debug_macro   0x0001a788      0x189 Src/syscalls.o
 .debug_macro   0x0001a911       0x16 Src/syscalls.o
 .debug_macro   0x0001a927       0x88 Src/syscalls.o
 .debug_macro   0x0001a9af      0x322 Src/system_stm32f3xx.o
 .debug_macro   0x0001acd1      0x335 Src/tim.o
 .debug_macro   0x0001b006      0x335 Src/usart.o

.debug_line     0x00000000     0xdbe7
 .debug_line    0x00000000      0x90d Drivers/STM32F3xx_HAL_Driver/Src/stm32f3xx_hal.o
 .debug_line    0x0000090d      0xc16 Drivers/STM32F3xx_HAL_Driver/Src/stm32f3xx_hal_can.o
 .debug_line    0x00001523      0x906 Drivers/STM32F3xx_HAL_Driver/Src/stm32f3xx_hal_cortex.o
 .debug_line    0x00001e29      0x990 Drivers/STM32F3xx_HAL_Driver/Src/stm32f3xx_hal_dma.o
 .debug_line    0x000027b9      0x891 Drivers/STM32F3xx_HAL_Driver/Src/stm32f3xx_hal_gpio.o
 .debug_line    0x0000304a      0xc23 Drivers/STM32F3xx_HAL_Driver/Src/stm32f3xx_hal_rcc.o
 .debug_line    0x00003c6d      0x8cd Drivers/STM32F3xx_HAL_Driver/Src/stm32f3xx_hal_rcc_ex.o
 .debug_line    0x0000453a     0x1887 Drivers/STM32F3xx_HAL_Driver/Src/stm32f3xx_hal_tim.o
 .debug_line    0x00005dc1      0xe8b Drivers/STM32F3xx_HAL_Driver/Src/stm32f3xx_hal_tim_ex.o
 .debug_line    0x00006c4c     0x117b Drivers/STM32F3xx_HAL_Driver/Src/stm32f3xx_hal_uart.o
 .debug_line    0x00007dc7      0x849 Drivers/STM32F3xx_HAL_Driver/Src/stm32f3xx_hal_uart_ex.o
 .debug_line    0x00008610      0x779 Src/can.o
 .debug_line    0x00008d89      0x16e Src/canmd_controller.o
 .debug_line    0x00008ef7      0x740 Src/gpio.o
 .debug_line    0x00009637      0x874 Src/main.o
 .debug_line    0x00009eab      0x120 Src/ps3.o
 .debug_line    0x00009fcb      0x7ad Src/stm32_printf.o
 .debug_line    0x0000a778      0x738 Src/stm32f3xx_hal_msp.o
 .debug_line    0x0000aeb0      0x822 Src/stm32f3xx_it.o
 .debug_line    0x0000b6d2      0x7ef Src/stm32f4_easy_can.o
 .debug_line    0x0000bec1      0x5d1 Src/syscalls.o
 .debug_line    0x0000c492      0x760 Src/system_stm32f3xx.o
 .debug_line    0x0000cbf2      0x7ca Src/tim.o
 .debug_line    0x0000d3bc      0x7ac Src/usart.o
 .debug_line    0x0000db68       0x7f startup/startup_stm32f303x8.o

.debug_str      0x00000000    0x8b283
 .debug_str     0x00000000    0x85ed6 Drivers/STM32F3xx_HAL_Driver/Src/stm32f3xx_hal.o
                              0x861fa (size before relaxing)
 .debug_str     0x00085ed6      0x805 Drivers/STM32F3xx_HAL_Driver/Src/stm32f3xx_hal_can.o
                              0x86327 (size before relaxing)
 .debug_str     0x000866db      0x2af Drivers/STM32F3xx_HAL_Driver/Src/stm32f3xx_hal_cortex.o
                              0x8618d (size before relaxing)
 .debug_str     0x0008698a      0x3e6 Drivers/STM32F3xx_HAL_Driver/Src/stm32f3xx_hal_dma.o
                              0x85efa (size before relaxing)
 .debug_str     0x00086d70      0x2fe Drivers/STM32F3xx_HAL_Driver/Src/stm32f3xx_hal_gpio.o
                              0x85e52 (size before relaxing)
 .debug_str     0x0008706e      0x3f7 Drivers/STM32F3xx_HAL_Driver/Src/stm32f3xx_hal_rcc.o
                              0x85fea (size before relaxing)
 .debug_str     0x00087465      0x17f Drivers/STM32F3xx_HAL_Driver/Src/stm32f3xx_hal_rcc_ex.o
                              0x85d2f (size before relaxing)
 .debug_str     0x000875e4      0xf75 Drivers/STM32F3xx_HAL_Driver/Src/stm32f3xx_hal_tim.o
                              0x86c8f (size before relaxing)
 .debug_str     0x00088559      0x5c6 Drivers/STM32F3xx_HAL_Driver/Src/stm32f3xx_hal_tim_ex.o
                              0x866ed (size before relaxing)
 .debug_str     0x00088b1f      0x99f Drivers/STM32F3xx_HAL_Driver/Src/stm32f3xx_hal_uart.o
                              0x86780 (size before relaxing)
 .debug_str     0x000894be       0xed Drivers/STM32F3xx_HAL_Driver/Src/stm32f3xx_hal_uart_ex.o
                              0x8610b (size before relaxing)
 .debug_str     0x000895ab      0x127 Src/can.o
                              0x86283 (size before relaxing)
 .debug_str     0x000896d2      0x27d Src/canmd_controller.o
                               0x2fa3 (size before relaxing)
 .debug_str     0x0008994f       0x25 Src/gpio.o
                              0x85c7d (size before relaxing)
 .debug_str     0x00089974      0x29f Src/main.o
                              0x86aa5 (size before relaxing)
 .debug_str     0x00089c13       0x94 Src/ps3.o
                               0x2e70 (size before relaxing)
 .debug_str     0x00089ca7      0x21c Src/stm32_printf.o
                              0x8626a (size before relaxing)
 .debug_str     0x00089ec3       0x1b Src/stm32f3xx_hal_msp.o
                              0x85bc2 (size before relaxing)
 .debug_str     0x00089ede       0xca Src/stm32f3xx_it.o
                              0x86576 (size before relaxing)
 .debug_str     0x00089fa8       0xdb Src/stm32f4_easy_can.o
                              0x8607d (size before relaxing)
 .debug_str     0x0008a083     0x1137 Src/syscalls.o
                               0x859f (size before relaxing)
 .debug_str     0x0008b1ba       0x64 Src/system_stm32f3xx.o
                              0x85b83 (size before relaxing)
 .debug_str     0x0008b21e       0x1c Src/tim.o
                              0x863d4 (size before relaxing)
 .debug_str     0x0008b23a       0x1a Src/usart.o
                              0x8646e (size before relaxing)
 .debug_str     0x0008b254       0x2f startup/startup_stm32f303x8.o
                                 0x47 (size before relaxing)

.comment        0x00000000       0x7f
 .comment       0x00000000       0x7f Drivers/STM32F3xx_HAL_Driver/Src/stm32f3xx_hal.o
                                 0x80 (size before relaxing)
 .comment       0x0000007f       0x80 Drivers/STM32F3xx_HAL_Driver/Src/stm32f3xx_hal_can.o
 .comment       0x0000007f       0x80 Drivers/STM32F3xx_HAL_Driver/Src/stm32f3xx_hal_cortex.o
 .comment       0x0000007f       0x80 Drivers/STM32F3xx_HAL_Driver/Src/stm32f3xx_hal_dma.o
 .comment       0x0000007f       0x80 Drivers/STM32F3xx_HAL_Driver/Src/stm32f3xx_hal_gpio.o
 .comment       0x0000007f       0x80 Drivers/STM32F3xx_HAL_Driver/Src/stm32f3xx_hal_rcc.o
 .comment       0x0000007f       0x80 Drivers/STM32F3xx_HAL_Driver/Src/stm32f3xx_hal_rcc_ex.o
 .comment       0x0000007f       0x80 Drivers/STM32F3xx_HAL_Driver/Src/stm32f3xx_hal_tim.o
 .comment       0x0000007f       0x80 Drivers/STM32F3xx_HAL_Driver/Src/stm32f3xx_hal_tim_ex.o
 .comment       0x0000007f       0x80 Drivers/STM32F3xx_HAL_Driver/Src/stm32f3xx_hal_uart.o
 .comment       0x0000007f       0x80 Drivers/STM32F3xx_HAL_Driver/Src/stm32f3xx_hal_uart_ex.o
 .comment       0x0000007f       0x80 Src/can.o
 .comment       0x0000007f       0x80 Src/canmd_controller.o
 .comment       0x0000007f       0x80 Src/gpio.o
 .comment       0x0000007f       0x80 Src/main.o
 .comment       0x0000007f       0x80 Src/ps3.o
 .comment       0x0000007f       0x80 Src/stm32_printf.o
 .comment       0x0000007f       0x80 Src/stm32f3xx_hal_msp.o
 .comment       0x0000007f       0x80 Src/stm32f3xx_it.o
 .comment       0x0000007f       0x80 Src/stm32f4_easy_can.o
 .comment       0x0000007f       0x80 Src/syscalls.o
 .comment       0x0000007f       0x80 Src/system_stm32f3xx.o
 .comment       0x0000007f       0x80 Src/tim.o
 .comment       0x0000007f       0x80 Src/usart.o

.debug_frame    0x00000000     0x2a88
 .debug_frame   0x00000000      0x1cc Drivers/STM32F3xx_HAL_Driver/Src/stm32f3xx_hal.o
 .debug_frame   0x000001cc      0x2e4 Drivers/STM32F3xx_HAL_Driver/Src/stm32f3xx_hal_can.o
 .debug_frame   0x000004b0      0x12c Drivers/STM32F3xx_HAL_Driver/Src/stm32f3xx_hal_cortex.o
 .debug_frame   0x000005dc      0x164 Drivers/STM32F3xx_HAL_Driver/Src/stm32f3xx_hal_dma.o
 .debug_frame   0x00000740       0xec Drivers/STM32F3xx_HAL_Driver/Src/stm32f3xx_hal_gpio.o
 .debug_frame   0x0000082c      0x17c Drivers/STM32F3xx_HAL_Driver/Src/stm32f3xx_hal_rcc.o
 .debug_frame   0x000009a8       0x80 Drivers/STM32F3xx_HAL_Driver/Src/stm32f3xx_hal_rcc_ex.o
 .debug_frame   0x00000a28      0xa18 Drivers/STM32F3xx_HAL_Driver/Src/stm32f3xx_hal_tim.o
 .debug_frame   0x00001440      0x45c Drivers/STM32F3xx_HAL_Driver/Src/stm32f3xx_hal_tim_ex.o
 .debug_frame   0x0000189c      0x55c Drivers/STM32F3xx_HAL_Driver/Src/stm32f3xx_hal_uart.o
 .debug_frame   0x00001df8       0xa4 Drivers/STM32F3xx_HAL_Driver/Src/stm32f3xx_hal_uart_ex.o
 .debug_frame   0x00001e9c       0x60 Src/can.o
 .debug_frame   0x00001efc       0xdc Src/canmd_controller.o
 .debug_frame   0x00001fd8       0x30 Src/gpio.o
 .debug_frame   0x00002008       0xd4 Src/main.o
 .debug_frame   0x000020dc       0x88 Src/ps3.o
 .debug_frame   0x00002164       0x74 Src/stm32_printf.o
 .debug_frame   0x000021d8       0x28 Src/stm32f3xx_hal_msp.o
 .debug_frame   0x00002200      0x120 Src/stm32f3xx_it.o
 .debug_frame   0x00002320       0x9c Src/stm32f4_easy_can.o
 .debug_frame   0x000023bc      0x1a8 Src/syscalls.o
 .debug_frame   0x00002564       0x30 Src/system_stm32f3xx.o
 .debug_frame   0x00002594       0xa0 Src/tim.o
 .debug_frame   0x00002634       0x78 Src/usart.o
 .debug_frame   0x000026ac       0x20 d:/ac6/systemworkbench/plugins/fr.ac6.mcu.externaltools.arm-none.win32_1.17.0.201812190825/tools/compiler/bin/../lib/gcc/arm-none-eabi/7.3.1/../../../../arm-none-eabi/lib/thumb/v7e-m/fpv4-sp/hard\libc_nano.a(lib_a-errno.o)
 .debug_frame   0x000026cc       0x2c d:/ac6/systemworkbench/plugins/fr.ac6.mcu.externaltools.arm-none.win32_1.17.0.201812190825/tools/compiler/bin/../lib/gcc/arm-none-eabi/7.3.1/../../../../arm-none-eabi/lib/thumb/v7e-m/fpv4-sp/hard\libc_nano.a(lib_a-init.o)
 .debug_frame   0x000026f8       0x30 d:/ac6/systemworkbench/plugins/fr.ac6.mcu.externaltools.arm-none.win32_1.17.0.201812190825/tools/compiler/bin/../lib/gcc/arm-none-eabi/7.3.1/../../../../arm-none-eabi/lib/thumb/v7e-m/fpv4-sp/hard\libc_nano.a(lib_a-malloc.o)
 .debug_frame   0x00002728       0x20 d:/ac6/systemworkbench/plugins/fr.ac6.mcu.externaltools.arm-none.win32_1.17.0.201812190825/tools/compiler/bin/../lib/gcc/arm-none-eabi/7.3.1/../../../../arm-none-eabi/lib/thumb/v7e-m/fpv4-sp/hard\libc_nano.a(lib_a-memset.o)
 .debug_frame   0x00002748       0x38 d:/ac6/systemworkbench/plugins/fr.ac6.mcu.externaltools.arm-none.win32_1.17.0.201812190825/tools/compiler/bin/../lib/gcc/arm-none-eabi/7.3.1/../../../../arm-none-eabi/lib/thumb/v7e-m/fpv4-sp/hard\libc_nano.a(lib_a-nano-freer.o)
 .debug_frame   0x00002780       0x2c d:/ac6/systemworkbench/plugins/fr.ac6.mcu.externaltools.arm-none.win32_1.17.0.201812190825/tools/compiler/bin/../lib/gcc/arm-none-eabi/7.3.1/../../../../arm-none-eabi/lib/thumb/v7e-m/fpv4-sp/hard\libc_nano.a(lib_a-nano-mallocr.o)
 .debug_frame   0x000027ac       0x2c d:/ac6/systemworkbench/plugins/fr.ac6.mcu.externaltools.arm-none.win32_1.17.0.201812190825/tools/compiler/bin/../lib/gcc/arm-none-eabi/7.3.1/../../../../arm-none-eabi/lib/thumb/v7e-m/fpv4-sp/hard\libc_nano.a(lib_a-sbrkr.o)
 .debug_frame   0x000027d8       0x4c d:/ac6/systemworkbench/plugins/fr.ac6.mcu.externaltools.arm-none.win32_1.17.0.201812190825/tools/compiler/bin/../lib/gcc/arm-none-eabi/7.3.1/../../../../arm-none-eabi/lib/thumb/v7e-m/fpv4-sp/hard\libc_nano.a(lib_a-vsnprintf.o)
 .debug_frame   0x00002824       0x3c d:/ac6/systemworkbench/plugins/fr.ac6.mcu.externaltools.arm-none.win32_1.17.0.201812190825/tools/compiler/bin/../lib/gcc/arm-none-eabi/7.3.1/../../../../arm-none-eabi/lib/thumb/v7e-m/fpv4-sp/hard\libc_nano.a(lib_a-vsprintf.o)
 .debug_frame   0x00002860       0x30 d:/ac6/systemworkbench/plugins/fr.ac6.mcu.externaltools.arm-none.win32_1.17.0.201812190825/tools/compiler/bin/../lib/gcc/arm-none-eabi/7.3.1/../../../../arm-none-eabi/lib/thumb/v7e-m/fpv4-sp/hard\libc_nano.a(lib_a-mlock.o)
 .debug_frame   0x00002890       0x90 d:/ac6/systemworkbench/plugins/fr.ac6.mcu.externaltools.arm-none.win32_1.17.0.201812190825/tools/compiler/bin/../lib/gcc/arm-none-eabi/7.3.1/../../../../arm-none-eabi/lib/thumb/v7e-m/fpv4-sp/hard\libc_nano.a(lib_a-nano-svfprintf.o)
 .debug_frame   0x00002920       0x60 d:/ac6/systemworkbench/plugins/fr.ac6.mcu.externaltools.arm-none.win32_1.17.0.201812190825/tools/compiler/bin/../lib/gcc/arm-none-eabi/7.3.1/../../../../arm-none-eabi/lib/thumb/v7e-m/fpv4-sp/hard\libc_nano.a(lib_a-nano-vfprintf_i.o)
 .debug_frame   0x00002980       0x5c d:/ac6/systemworkbench/plugins/fr.ac6.mcu.externaltools.arm-none.win32_1.17.0.201812190825/tools/compiler/bin/../lib/gcc/arm-none-eabi/7.3.1/../../../../arm-none-eabi/lib/thumb/v7e-m/fpv4-sp/hard\libc_nano.a(lib_a-reent.o)
 .debug_frame   0x000029dc       0x28 d:/ac6/systemworkbench/plugins/fr.ac6.mcu.externaltools.arm-none.win32_1.17.0.201812190825/tools/compiler/bin/../lib/gcc/arm-none-eabi/7.3.1/../../../../arm-none-eabi/lib/thumb/v7e-m/fpv4-sp/hard\libc_nano.a(lib_a-memcpy-stub.o)
 .debug_frame   0x00002a04       0x28 d:/ac6/systemworkbench/plugins/fr.ac6.mcu.externaltools.arm-none.win32_1.17.0.201812190825/tools/compiler/bin/../lib/gcc/arm-none-eabi/7.3.1/../../../../arm-none-eabi/lib/thumb/v7e-m/fpv4-sp/hard\libc_nano.a(lib_a-memmove.o)
 .debug_frame   0x00002a2c       0x3c d:/ac6/systemworkbench/plugins/fr.ac6.mcu.externaltools.arm-none.win32_1.17.0.201812190825/tools/compiler/bin/../lib/gcc/arm-none-eabi/7.3.1/../../../../arm-none-eabi/lib/thumb/v7e-m/fpv4-sp/hard\libc_nano.a(lib_a-nano-reallocr.o)
 .debug_frame   0x00002a68       0x20 d:/ac6/systemworkbench/plugins/fr.ac6.mcu.externaltools.arm-none.win32_1.17.0.201812190825/tools/compiler/bin/../lib/gcc/arm-none-eabi/7.3.1/../../../../arm-none-eabi/lib/thumb/v7e-m/fpv4-sp/hard\libc_nano.a(lib_a-nano-msizer.o)
